<html>
<body>
<pre>
<h1>µVision Build Log</h1>
<h2>Tool Versions:</h2>
IDE-Version: ÂµVision V5.41.0.0
Copyright (C) 2024 ARM Ltd and ARM Germany GmbH. All rights reserved.
License Information: Tarek Osama, Cairo University, LIC=----
 
Tool Versions:
Toolchain:       MDK-Lite  Version: 5.41.0.0
Toolchain Path:  C:\Users\osama\AppData\Local\Keil_v5\ARM\ARMCLANG\Bin
C Compiler:      ArmClang.exe V6.22
Assembler:       Armasm.exe V6.22
Linker/Locator:  ArmLink.exe V6.22
Library Manager: ArmAr.exe V6.22
Hex Converter:   FromElf.exe V6.22
CPU DLL:         SARMCM3.DLL V5.41.0.0
Dialog DLL:      DCM.DLL V1.17.5.0
Target DLL:      STLink\ST-LINKIII-KEIL_SWO.dll V3.3.0.0
Dialog DLL:      TCM.DLL V1.56.4.0
 
<h2>Project:</h2>
C:\Users\osama\OneDrive\Desktop\Micro_Project\Micro_Project\First.uvprojx
Project File Date:  12/22/2024

<h2>Output:</h2>
*** Using Compiler 'V6.22', folder: 'C:\Users\osama\AppData\Local\Keil_v5\ARM\ARMCLANG\Bin'
Build target 'Target_1'
assembling DEFINITIONS.s...
"Display2.s", line 368: Warning: A1581W: Added 2 bytes of padding at address 0x83e
  368 00000840  END
0 Errors, 1 Warning
assembling Display2.s...
assembling startup_stm32f10x_md.s...
"Display3.s", line 2: Warning: A1581W: Added 2 bytes of padding at address 0x83e
    2 00000840  AREA MYCODE, CODE, READONLY
"Display3.s", line 500: Warning: A1581W: Added 2 bytes of padding at address 0xc3a
  500 00000c3c  END
0 Errors, 2 Warnings
assembling Display3.s...
compiling system_stm32f10x.c...
"Buttons.s", line 126: Warning: A1581W: Added 2 bytes of padding at address 0x5ea
  126 000005ec  END
0 Errors, 1 Warning
assembling Buttons.s...
linking...
Program Size: Code=9700 RO-data=15800 RW-data=0 ZI-data=1536  
FromELF: creating hex file...
".\Objects\First.axf" - 0 Error(s), 0 Warning(s).

<h2>Software Packages used:</h2>

Package Vendor: ARM
                https://www.keil.com/pack/ARM.CMSIS.6.1.0.pack
                ARM::CMSIS@6.1.0
                CMSIS (Common Microcontroller Software Interface Standard)
   * Component: CORE Version: 6.1.0

Package Vendor: Keil
                https://www.keil.com/pack/Keil.STM32F1xx_DFP.2.4.1.pack
                Keil::STM32F1xx_DFP@2.4.1
                STMicroelectronics STM32F1 Series Device Support, Drivers and Examples
   * Component: Startup Version: 1.0.0

<h2>Collection of Component include folders:</h2>
  ./RTE/Device/STM32F103C8
  ./RTE/_Target_1
  C:/Users/osama/AppData/Local/Arm/Packs/ARM/CMSIS/6.1.0/CMSIS/Core/Include
  C:/Users/osama/AppData/Local/Arm/Packs/Keil/STM32F1xx_DFP/2.4.1/Device/Include

<h2>Collection of Component Files used:</h2>

   * Component: ARM::CMSIS:CORE@6.1.0

   * Component: Keil::Device:Startup@1.0.0
      Source file:   Device/Source/system_stm32f10x.c
      Include file:  RTE_Driver/Config/RTE_Device.h
      Source file:   Device/Source/ARM/startup_stm32f10x_md.s
      Source file:   Device/Source/ARM/STM32F1xx_OPT.s
Build Time Elapsed:  00:00:09
</pre>
</body>
</html>
