<html>
<body>
<pre>
<h1>µVision Build Log</h1>
<h2>Tool Versions:</h2>
IDE-Version: ÂµVision V5.41.0.0
Copyright (C) 2024 ARM Ltd and ARM Germany GmbH. All rights reserved.
License Information: Tarek Osama, Cairo University, LIC=----
 
Tool Versions:
Toolchain:       MDK-Lite  Version: 5.41.0.0
Toolchain Path:  C:\Users\osama\AppData\Local\Keil_v5\ARM\ARMCLANG\Bin
C Compiler:      ArmClang.exe V6.22
Assembler:       Armasm.exe V6.22
Linker/Locator:  ArmLink.exe V6.22
Library Manager: ArmAr.exe V6.22
Hex Converter:   FromElf.exe V6.22
CPU DLL:         SARMCM3.DLL V5.41.0.0
Dialog DLL:      DCM.DLL V1.17.5.0
Target DLL:      STLink\ST-LINKIII-KEIL_SWO.dll V3.3.0.0
Dialog DLL:      TCM.DLL V1.56.4.0
 
<h2>Project:</h2>
C:\Users\osama\OneDrive\Desktop\Micro_Project\Micro_Project\First.uvprojx
Project File Date:  12/02/2024

<h2>Output:</h2>
*** Using Compiler 'V6.22', folder: 'C:\Users\osama\AppData\Local\Keil_v5\ARM\ARMCLANG\Bin'
Build target 'Target_1'
"Output.s", line 23: Warning: A1488W: PROC/FUNC at line 21 in 'Output.s' without matching ENDP/ENDFUNC
    included by GET/INCLUDE directive from "source.s", line 2
   23 00000000 Op FUNCTION
"Output.s", line 45: Warning: A1464W: ENDP/ENDFUNC without corresponding PROC/FUNC
    included by GET/INCLUDE directive from "source.s", line 2
   45 0000002e  ENDFUNC
"source.s", line 4: Warning: A1581W: Added 2 bytes of padding at address 0x2e
    4 00000030  AREA MYCODE, CODE, READONLY
0 Errors, 3 Warnings
assembling source.s...
linking...
Program Size: Code=640 RO-data=236 RW-data=0 ZI-data=1536  
".\Objects\First.axf" - 0 Error(s), 0 Warning(s).

<h2>Software Packages used:</h2>

Package Vendor: ARM
                https://www.keil.com/pack/ARM.CMSIS.6.1.0.pack
                ARM::CMSIS@6.1.0
                CMSIS (Common Microcontroller Software Interface Standard)
   * Component: CORE Version: 6.1.0

Package Vendor: Keil
                https://www.keil.com/pack/Keil.STM32F1xx_DFP.2.4.1.pack
                Keil::STM32F1xx_DFP@2.4.1
                STMicroelectronics STM32F1 Series Device Support, Drivers and Examples
   * Component: Startup Version: 1.0.0

<h2>Collection of Component include folders:</h2>
  ./RTE/Device/STM32F103C8
  ./RTE/_Target_1
  C:/Users/osama/AppData/Local/Arm/Packs/ARM/CMSIS/6.1.0/CMSIS/Core/Include
  C:/Users/osama/AppData/Local/Arm/Packs/Keil/STM32F1xx_DFP/2.4.1/Device/Include

<h2>Collection of Component Files used:</h2>

   * Component: ARM::CMSIS:CORE@6.1.0

   * Component: Keil::Device:Startup@1.0.0
      Source file:   Device/Source/ARM/startup_stm32f10x_md.s
      Source file:   Device/Source/system_stm32f10x.c
      Include file:  RTE_Driver/Config/RTE_Device.h
      Source file:   Device/Source/ARM/STM32F1xx_OPT.s
Build Time Elapsed:  00:00:02
</pre>
</body>
</html>
