Component: Arm Compiler for Embedded 6.22 Tool: armlink [5ee90200]

==============================================================================

Section Cross References

    source.o(MYDATA) refers (Special) to rtc.o(MYCODE) for RTC_INIT
    source.o(MYDATA) refers (Special) to timer.o(MYCODE) for TIMER3_INIT
    source.o(MYCODE) refers (Special) to rtc.o(MYCODE) for RTC_INIT
    source.o(MYCODE) refers (Special) to timer.o(MYCODE) for TIMER3_INIT
    source.o(MYCODE) refers to source.o(MYDATA) for A_CHAR
    source.o(MYCODE) refers to dht.o(MYCODE) for DHT11_READ
    source.o(MYCODE) refers to buttons.o(MYCODE) for BUTTONS_INIT
    source.o(MYCODE) refers to ir_sensor.o(MYCODE) for PIR_Sensors_init
    source.o(MYCODE) refers to display3.o(MYCODE) for UPDATE_Modes
    buttons.o(MYCODE) refers to buttons.o(MYDATA) for A_CHAR
    display.o(MYCODE) refers to display.o(MYDATA) for A_CHAR
    display2.o(MYCODE) refers to display2.o(MYDATA) for A_CHAR
    display2.o(MYCODE) refers to dht.o(MYCODE) for DHT11_READ
    display3.o(MYCODE) refers to display3.o(MYDATA) for A_CHAR
    display3.o(MYCODE) refers to dht.o(MYCODE) for DHT11_READ
    display3.o(MYCODE) refers to timer.o(MYCODE) for TIMER3_INIT
    startup_stm32f10x_md.o(MYDATA) refers (Special) to heapauxi.o(.text) for __use_two_region_memory
    startup_stm32f10x_md.o(MYCODE) refers (Special) to heapauxi.o(.text) for __use_two_region_memory
    startup_stm32f10x_md.o(STACK) refers (Special) to heapauxi.o(.text) for __use_two_region_memory
    startup_stm32f10x_md.o(HEAP) refers (Special) to heapauxi.o(.text) for __use_two_region_memory
    startup_stm32f10x_md.o(RESET) refers (Special) to heapauxi.o(.text) for __use_two_region_memory
    startup_stm32f10x_md.o(RESET) refers to startup_stm32f10x_md.o(STACK) for __initial_sp
    startup_stm32f10x_md.o(RESET) refers to startup_stm32f10x_md.o(.text) for Reset_Handler
    startup_stm32f10x_md.o(RESET) refers to exti4_handler.o(HANDLERS) for EXTI4_IRQHandler
    startup_stm32f10x_md.o(.text) refers (Special) to heapauxi.o(.text) for __use_two_region_memory
    startup_stm32f10x_md.o(.text) refers to startup_stm32f10x_md.o(MYCODE) for LCD_COMMAND_WRITE
    startup_stm32f10x_md.o(.text) refers to system_stm32f10x.o(.text.SystemInit) for SystemInit
    startup_stm32f10x_md.o(.text) refers to source.o(MYCODE) for __main
    startup_stm32f10x_md.o(.text) refers to startup_stm32f10x_md.o(HEAP) for Heap_Mem
    startup_stm32f10x_md.o(.text) refers to startup_stm32f10x_md.o(STACK) for Stack_Mem
    system_stm32f10x.o(.text.SystemInit) refers to system_stm32f10x.o(.text.SetSysClock) for SetSysClock
    system_stm32f10x.o(.ARM.exidx.text.SystemInit) refers to system_stm32f10x.o(.text.SystemInit) for [Anonymous Symbol]
    system_stm32f10x.o(.text.SetSysClock) refers to system_stm32f10x.o(.text.SetSysClockTo72) for SetSysClockTo72
    system_stm32f10x.o(.ARM.exidx.text.SetSysClock) refers to system_stm32f10x.o(.text.SetSysClock) for [Anonymous Symbol]
    system_stm32f10x.o(.text.SystemCoreClockUpdate) refers to system_stm32f10x.o(.data.SystemCoreClock) for SystemCoreClock
    system_stm32f10x.o(.text.SystemCoreClockUpdate) refers to system_stm32f10x.o(.rodata.AHBPrescTable) for AHBPrescTable
    system_stm32f10x.o(.ARM.exidx.text.SystemCoreClockUpdate) refers to system_stm32f10x.o(.text.SystemCoreClockUpdate) for [Anonymous Symbol]
    system_stm32f10x.o(.ARM.exidx.text.SetSysClockTo72) refers to system_stm32f10x.o(.text.SetSysClockTo72) for [Anonymous Symbol]


==============================================================================

Removing Unused input sections from the image.

    Removing tft.o(MYDATA), (3872 bytes).
    Removing tft.o(MYCODE), (608 bytes).
    Removing definitions.o(MYDATA), (5188 bytes).
    Removing rtc.o(MYDATA), (0 bytes).
    Removing timer.o(MYDATA), (4368 bytes).
    Removing adc.o(MYDATA), (0 bytes).
    Removing adc.o(MYCODE), (200 bytes).
    Removing ir_sensor.o(MYDATA), (0 bytes).
    Removing dht.o(MYDATA), (3856 bytes).
    Removing display.o(MYDATA), (4136 bytes).
    Removing display.o(MYCODE), (1304 bytes).
    Removing display2.o(MYDATA), (4368 bytes).
    Removing display2.o(MYCODE), (2164 bytes).
    Removing startup_stm32f10x_md.o(MYDATA), (4368 bytes).
    Removing system_stm32f10x.o(.text), (0 bytes).
    Removing system_stm32f10x.o(.ARM.exidx.text.SystemInit), (8 bytes).
    Removing system_stm32f10x.o(.ARM.exidx.text.SetSysClock), (8 bytes).
    Removing system_stm32f10x.o(.text.SystemCoreClockUpdate), (290 bytes).
    Removing system_stm32f10x.o(.ARM.exidx.text.SystemCoreClockUpdate), (8 bytes).
    Removing system_stm32f10x.o(.ARM.exidx.text.SetSysClockTo72), (8 bytes).
    Removing system_stm32f10x.o(.data.SystemCoreClock), (4 bytes).
    Removing system_stm32f10x.o(.rodata.AHBPrescTable), (16 bytes).

22 unused section(s) (total 34774 bytes) removed from the image.

==============================================================================

Image Symbol Table

    Local Symbols

    Symbol Name                              Value     Ov Type        Size  Object(Section)

    ../clib/heapaux.c                        0x00000000   Number         0  heapauxi.o ABSOLUTE
    Buttons.s                                0x00000000   Number         0  buttons.o ABSOLUTE
    DEFINITIONS.s                            0x00000000   Number         0  definitions.o ABSOLUTE
    DHT.s                                    0x00000000   Number         0  dht.o ABSOLUTE
    Display.s                                0x00000000   Number         0  display.o ABSOLUTE
    Display2.s                               0x00000000   Number         0  display2.o ABSOLUTE
    Display3.s                               0x00000000   Number         0  display3.o ABSOLUTE
    EXTI4_Handler.s                          0x00000000   Number         0  exti4_handler.o ABSOLUTE
    IR_Sensor.s                              0x00000000   Number         0  ir_sensor.o ABSOLUTE
    RTC.s                                    0x00000000   Number         0  rtc.o ABSOLUTE
    RTE/Device/STM32F103C8/startup_stm32f10x_md.s 0x00000000   Number         0  startup_stm32f10x_md.o ABSOLUTE
    TFT.s                                    0x00000000   Number         0  tft.o ABSOLUTE
    adc.s                                    0x00000000   Number         0  adc.o ABSOLUTE
    dc.s                                     0x00000000   Number         0  dc.o ABSOLUTE
    source.s                                 0x00000000   Number         0  source.o ABSOLUTE
    system_stm32f10x.c                       0x00000000   Number         0  system_stm32f10x.o ABSOLUTE
    timer.s                                  0x00000000   Number         0  timer.o ABSOLUTE
    RESET                                    0x08000000   Section      236  startup_stm32f10x_md.o(RESET)
    .text                                    0x080000ec   Section      368  startup_stm32f10x_md.o(.text)
    .text                                    0x0800025c   Section        0  heapauxi.o(.text)
    SetSysClock                              0x08000265   Thumb Code     8  system_stm32f10x.o(.text.SetSysClock)
    [Anonymous Symbol]                       0x08000264   Section        0  system_stm32f10x.o(.text.SetSysClock)
    SetSysClockTo72                          0x0800026d   Thumb Code   290  system_stm32f10x.o(.text.SetSysClockTo72)
    [Anonymous Symbol]                       0x0800026c   Section        0  system_stm32f10x.o(.text.SetSysClockTo72)
    [Anonymous Symbol]                       0x08000390   Section        0  system_stm32f10x.o(.text.SystemInit)
    HANDLERS                                 0x080003f8   Section       52  exti4_handler.o(HANDLERS)
    MYCODE                                   0x0800042c   Section     2760  source.o(MYCODE)
    MYCODE                                   0x08000ef4   Section      140  rtc.o(MYCODE)
    MYCODE                                   0x08000f80   Section      244  timer.o(MYCODE)
    MYCODE                                   0x08001074   Section      132  ir_sensor.o(MYCODE)
    MYCODE                                   0x080010f8   Section     1648  buttons.o(MYCODE)
    MYCODE                                   0x08001768   Section      232  dht.o(MYCODE)
    MYCODE                                   0x08001850   Section     3192  display3.o(MYCODE)
    MYCODE                                   0x080024c8   Section      608  startup_stm32f10x_md.o(MYCODE)
    LCD_COMMAND_WRITE                        0x080024f1   Thumb Code     0  startup_stm32f10x_md.o(MYCODE)
    A_CHAR                                   0x08002728   Data          16  source.o(MYDATA)
    MYDATA                                   0x08002728   Section     5188  source.o(MYDATA)
    C_CHAR                                   0x08002748   Data          16  source.o(MYDATA)
    D_CHAR                                   0x08002758   Data          16  source.o(MYDATA)
    E_CHAR                                   0x08002768   Data          16  source.o(MYDATA)
    F_CHAR                                   0x08002778   Data          16  source.o(MYDATA)
    H_CHAR                                   0x08002798   Data          16  source.o(MYDATA)
    I_CHAR                                   0x080027a8   Data          16  source.o(MYDATA)
    K_CHAR                                   0x080027c8   Data          16  source.o(MYDATA)
    L_CHAR                                   0x080027d8   Data          16  source.o(MYDATA)
    M_CHAR                                   0x080027e8   Data          16  source.o(MYDATA)
    N_CHAR                                   0x080027f8   Data          16  source.o(MYDATA)
    P_CHAR                                   0x08002808   Data          16  source.o(MYDATA)
    R_CHAR                                   0x08002828   Data          16  source.o(MYDATA)
    S_CHAR                                   0x08002838   Data          16  source.o(MYDATA)
    T_CHAR                                   0x08002848   Data          16  source.o(MYDATA)
    U_CHAR                                   0x08002858   Data          16  source.o(MYDATA)
    W_CHAR                                   0x08002878   Data          16  source.o(MYDATA)
    EIGHT_DIGIT                              0x080028c8   Data          16  source.o(MYDATA)
    FIVE_DIGIT                               0x080028d8   Data          16  source.o(MYDATA)
    FOUR_DIGIT                               0x080028e8   Data          16  source.o(MYDATA)
    NINE_DIGIT                               0x080028f8   Data          16  source.o(MYDATA)
    ONE_DIGIT                                0x08002908   Data          16  source.o(MYDATA)
    SEVEN_DIGIT                              0x08002918   Data          16  source.o(MYDATA)
    SIX_DIGIT                                0x08002928   Data          16  source.o(MYDATA)
    THREE_DIGIT                              0x08002938   Data          16  source.o(MYDATA)
    TWO_DIGIT                                0x08002948   Data          16  source.o(MYDATA)
    ZERO_DIGIT                               0x08002958   Data          16  source.o(MYDATA)
    DOT                                      0x08002968   Data          16  source.o(MYDATA)
    CLOCK_ICON                               0x08002978   Data          80  source.o(MYDATA)
    percentage                               0x08002a3c   Data          68  source.o(MYDATA)
    celsius_25                               0x08002a80   Data          80  source.o(MYDATA)
    MOON                                     0x08002b18   Data          80  source.o(MYDATA)
    SUN                                      0x08002b68   Data          80  source.o(MYDATA)
    A_CHAR                                   0x08003b6c   Data          16  buttons.o(MYDATA)
    MYDATA                                   0x08003b6c   Section     3872  buttons.o(MYDATA)
    C_CHAR                                   0x08003b8c   Data          16  buttons.o(MYDATA)
    D_CHAR                                   0x08003b9c   Data          16  buttons.o(MYDATA)
    E_CHAR                                   0x08003bac   Data          16  buttons.o(MYDATA)
    F_CHAR                                   0x08003bbc   Data          16  buttons.o(MYDATA)
    H_CHAR                                   0x08003bdc   Data          16  buttons.o(MYDATA)
    I_CHAR                                   0x08003bec   Data          16  buttons.o(MYDATA)
    K_CHAR                                   0x08003c0c   Data          16  buttons.o(MYDATA)
    L_CHAR                                   0x08003c1c   Data          16  buttons.o(MYDATA)
    M_CHAR                                   0x08003c2c   Data          16  buttons.o(MYDATA)
    N_CHAR                                   0x08003c3c   Data          16  buttons.o(MYDATA)
    P_CHAR                                   0x08003c4c   Data          16  buttons.o(MYDATA)
    R_CHAR                                   0x08003c6c   Data          16  buttons.o(MYDATA)
    S_CHAR                                   0x08003c7c   Data          16  buttons.o(MYDATA)
    T_CHAR                                   0x08003c8c   Data          16  buttons.o(MYDATA)
    U_CHAR                                   0x08003c9c   Data          16  buttons.o(MYDATA)
    W_CHAR                                   0x08003cbc   Data          16  buttons.o(MYDATA)
    NO_CHAR                                  0x08003cfc   Data          16  buttons.o(MYDATA)
    EIGHT_DIGIT                              0x08003d0c   Data          16  buttons.o(MYDATA)
    FIVE_DIGIT                               0x08003d1c   Data          16  buttons.o(MYDATA)
    FOUR_DIGIT                               0x08003d2c   Data          16  buttons.o(MYDATA)
    NINE_DIGIT                               0x08003d3c   Data          16  buttons.o(MYDATA)
    ONE_DIGIT                                0x08003d4c   Data          16  buttons.o(MYDATA)
    SEVEN_DIGIT                              0x08003d5c   Data          16  buttons.o(MYDATA)
    SIX_DIGIT                                0x08003d6c   Data          16  buttons.o(MYDATA)
    THREE_DIGIT                              0x08003d7c   Data          16  buttons.o(MYDATA)
    TWO_DIGIT                                0x08003d8c   Data          16  buttons.o(MYDATA)
    ZERO_DIGIT                               0x08003d9c   Data          16  buttons.o(MYDATA)
    A_CHAR                                   0x08004a8c   Data          16  display3.o(MYDATA)
    MYDATA                                   0x08004a8c   Section     4368  display3.o(MYDATA)
    C_CHAR                                   0x08004aac   Data          16  display3.o(MYDATA)
    D_CHAR                                   0x08004abc   Data          16  display3.o(MYDATA)
    E_CHAR                                   0x08004acc   Data          16  display3.o(MYDATA)
    F_CHAR                                   0x08004adc   Data          16  display3.o(MYDATA)
    H_CHAR                                   0x08004afc   Data          16  display3.o(MYDATA)
    I_CHAR                                   0x08004b0c   Data          16  display3.o(MYDATA)
    K_CHAR                                   0x08004b2c   Data          16  display3.o(MYDATA)
    L_CHAR                                   0x08004b3c   Data          16  display3.o(MYDATA)
    M_CHAR                                   0x08004b4c   Data          16  display3.o(MYDATA)
    N_CHAR                                   0x08004b5c   Data          16  display3.o(MYDATA)
    P_CHAR                                   0x08004b6c   Data          16  display3.o(MYDATA)
    R_CHAR                                   0x08004b8c   Data          16  display3.o(MYDATA)
    S_CHAR                                   0x08004b9c   Data          16  display3.o(MYDATA)
    T_CHAR                                   0x08004bac   Data          16  display3.o(MYDATA)
    U_CHAR                                   0x08004bbc   Data          16  display3.o(MYDATA)
    W_CHAR                                   0x08004bdc   Data          16  display3.o(MYDATA)
    EIGHT_DIGIT                              0x08004c2c   Data          16  display3.o(MYDATA)
    FIVE_DIGIT                               0x08004c3c   Data          16  display3.o(MYDATA)
    FOUR_DIGIT                               0x08004c4c   Data          16  display3.o(MYDATA)
    NINE_DIGIT                               0x08004c5c   Data          16  display3.o(MYDATA)
    ONE_DIGIT                                0x08004c6c   Data          16  display3.o(MYDATA)
    SEVEN_DIGIT                              0x08004c7c   Data          16  display3.o(MYDATA)
    SIX_DIGIT                                0x08004c8c   Data          16  display3.o(MYDATA)
    THREE_DIGIT                              0x08004c9c   Data          16  display3.o(MYDATA)
    TWO_DIGIT                                0x08004cac   Data          16  display3.o(MYDATA)
    ZERO_DIGIT                               0x08004cbc   Data          16  display3.o(MYDATA)
    DOT                                      0x08004ccc   Data          16  display3.o(MYDATA)
    GEAR                                     0x08004e34   Data          72  display3.o(MYDATA)
    Heap_Mem                                 0x20000000   Data         512  startup_stm32f10x_md.o(HEAP)
    HEAP                                     0x20000000   Section      512  startup_stm32f10x_md.o(HEAP)
    Stack_Mem                                0x20000200   Data        1024  startup_stm32f10x_md.o(STACK)
    STACK                                    0x20000200   Section     1024  startup_stm32f10x_md.o(STACK)
    __initial_sp                             0x20000600   Data           0  startup_stm32f10x_md.o(STACK)

    Global Symbols

    Symbol Name                              Value     Ov Type        Size  Object(Section)

    BuildAttributes$$THM_ISAv4$P$D$K$B$S$PE$A:L22UL41UL21$X:L11$S22US41US21$IEEE1$IW$~IW$USESV6$~STKCKD$USESV7$~SHL$OSPACE$ROPI$EBA8$STANDARDLIB$REQ8$EABIv2 0x00000000   Number         0  anon$$obj.o ABSOLUTE
    __Vectors_Size                           0x000000ec   Number         0  startup_stm32f10x_md.o ABSOLUTE
    __Vectors                                0x08000000   Data           4  startup_stm32f10x_md.o(RESET)
    Reset_Handler                            0x080000ed   Thumb Code     8  startup_stm32f10x_md.o(.text)
    __Vectors_End                            0x080000ec   Data           0  startup_stm32f10x_md.o(RESET)
    NMI_Handler                              0x080000f5   Thumb Code     2  startup_stm32f10x_md.o(.text)
    HardFault_Handler                        0x080000f7   Thumb Code     2  startup_stm32f10x_md.o(.text)
    MemManage_Handler                        0x080000f9   Thumb Code     2  startup_stm32f10x_md.o(.text)
    BusFault_Handler                         0x080000fb   Thumb Code     2  startup_stm32f10x_md.o(.text)
    UsageFault_Handler                       0x080000fd   Thumb Code     2  startup_stm32f10x_md.o(.text)
    SVC_Handler                              0x080000ff   Thumb Code     2  startup_stm32f10x_md.o(.text)
    DebugMon_Handler                         0x08000101   Thumb Code     2  startup_stm32f10x_md.o(.text)
    PendSV_Handler                           0x08000103   Thumb Code     2  startup_stm32f10x_md.o(.text)
    SysTick_Handler                          0x08000105   Thumb Code     2  startup_stm32f10x_md.o(.text)
    ADC1_2_IRQHandler                        0x08000107   Thumb Code     0  startup_stm32f10x_md.o(.text)
    CAN1_RX1_IRQHandler                      0x08000107   Thumb Code     0  startup_stm32f10x_md.o(.text)
    CAN1_SCE_IRQHandler                      0x08000107   Thumb Code     0  startup_stm32f10x_md.o(.text)
    DMA1_Channel1_IRQHandler                 0x08000107   Thumb Code     0  startup_stm32f10x_md.o(.text)
    DMA1_Channel2_IRQHandler                 0x08000107   Thumb Code     0  startup_stm32f10x_md.o(.text)
    DMA1_Channel3_IRQHandler                 0x08000107   Thumb Code     0  startup_stm32f10x_md.o(.text)
    DMA1_Channel4_IRQHandler                 0x08000107   Thumb Code     0  startup_stm32f10x_md.o(.text)
    DMA1_Channel5_IRQHandler                 0x08000107   Thumb Code     0  startup_stm32f10x_md.o(.text)
    DMA1_Channel6_IRQHandler                 0x08000107   Thumb Code     0  startup_stm32f10x_md.o(.text)
    DMA1_Channel7_IRQHandler                 0x08000107   Thumb Code     0  startup_stm32f10x_md.o(.text)
    EXTI0_IRQHandler                         0x08000107   Thumb Code     0  startup_stm32f10x_md.o(.text)
    EXTI1_IRQHandler                         0x08000107   Thumb Code     0  startup_stm32f10x_md.o(.text)
    EXTI2_IRQHandler                         0x08000107   Thumb Code     0  startup_stm32f10x_md.o(.text)
    EXTI3_IRQHandler                         0x08000107   Thumb Code     0  startup_stm32f10x_md.o(.text)
    EXTI9_5_IRQHandler                       0x08000107   Thumb Code     0  startup_stm32f10x_md.o(.text)
    FLASH_IRQHandler                         0x08000107   Thumb Code     0  startup_stm32f10x_md.o(.text)
    PVD_IRQHandler                           0x08000107   Thumb Code     0  startup_stm32f10x_md.o(.text)
    RCC_IRQHandler                           0x08000107   Thumb Code     0  startup_stm32f10x_md.o(.text)
    RTC_IRQHandler                           0x08000107   Thumb Code     0  startup_stm32f10x_md.o(.text)
    TAMPER_IRQHandler                        0x08000107   Thumb Code     0  startup_stm32f10x_md.o(.text)
    TIM1_BRK_IRQHandler                      0x08000107   Thumb Code     0  startup_stm32f10x_md.o(.text)
    TIM1_CC_IRQHandler                       0x08000107   Thumb Code     0  startup_stm32f10x_md.o(.text)
    TIM1_TRG_COM_IRQHandler                  0x08000107   Thumb Code     0  startup_stm32f10x_md.o(.text)
    TIM1_UP_IRQHandler                       0x08000107   Thumb Code     0  startup_stm32f10x_md.o(.text)
    TIM2_IRQHandler                          0x08000107   Thumb Code     0  startup_stm32f10x_md.o(.text)
    TIM3_IRQHandler                          0x08000107   Thumb Code     0  startup_stm32f10x_md.o(.text)
    USB_HP_CAN1_TX_IRQHandler                0x08000107   Thumb Code     0  startup_stm32f10x_md.o(.text)
    USB_LP_CAN1_RX0_IRQHandler               0x08000107   Thumb Code     0  startup_stm32f10x_md.o(.text)
    WWDG_IRQHandler                          0x08000107   Thumb Code     0  startup_stm32f10x_md.o(.text)
    TIM4_IRQHandler                          0x08000151   Thumb Code     0  startup_stm32f10x_md.o(.text)
    EXTI15_10_IRQHandler                     0x080001c3   Thumb Code     0  startup_stm32f10x_md.o(.text)
    I2C1_ER_IRQHandler                       0x080001c3   Thumb Code     0  startup_stm32f10x_md.o(.text)
    I2C1_EV_IRQHandler                       0x080001c3   Thumb Code     0  startup_stm32f10x_md.o(.text)
    I2C2_ER_IRQHandler                       0x080001c3   Thumb Code     0  startup_stm32f10x_md.o(.text)
    I2C2_EV_IRQHandler                       0x080001c3   Thumb Code     0  startup_stm32f10x_md.o(.text)
    SPI1_IRQHandler                          0x080001c3   Thumb Code     0  startup_stm32f10x_md.o(.text)
    SPI2_IRQHandler                          0x080001c3   Thumb Code     0  startup_stm32f10x_md.o(.text)
    USART1_IRQHandler                        0x080001c3   Thumb Code     0  startup_stm32f10x_md.o(.text)
    USART2_IRQHandler                        0x080001c3   Thumb Code     0  startup_stm32f10x_md.o(.text)
    USART3_IRQHandler                        0x080001c3   Thumb Code     0  startup_stm32f10x_md.o(.text)
    RTCAlarm_IRQHandler                      0x08000203   Thumb Code     0  startup_stm32f10x_md.o(.text)
    USBWakeUp_IRQHandler                     0x08000203   Thumb Code     0  startup_stm32f10x_md.o(.text)
    __user_initial_stackheap                 0x08000205   Thumb Code     0  startup_stm32f10x_md.o(.text)
    __use_two_region_memory                  0x0800025d   Thumb Code     2  heapauxi.o(.text)
    __rt_heap_escrow$2region                 0x0800025f   Thumb Code     2  heapauxi.o(.text)
    __rt_heap_expand$2region                 0x08000261   Thumb Code     2  heapauxi.o(.text)
    SystemInit                               0x08000391   Thumb Code   102  system_stm32f10x.o(.text.SystemInit)
    EXTI4_IRQHandler                         0x080003f9   Thumb Code     0  exti4_handler.o(HANDLERS)
    __main                                   0x08000ca1   Thumb Code   500  source.o(MYCODE)
    RTC_INIT                                 0x08000ef5   Thumb Code     0  rtc.o(MYCODE)
    TIMER2_INIT                              0x08000f81   Thumb Code     0  timer.o(MYCODE)
    TIMER3_INIT                              0x08000fc3   Thumb Code     0  timer.o(MYCODE)
    TIMER4_INIT                              0x08001003   Thumb Code     0  timer.o(MYCODE)
    PIR_Sensors_init                         0x08001075   Thumb Code     0  ir_sensor.o(MYCODE)
    BUTTONS_INIT                             0x0800172f   Thumb Code     0  buttons.o(MYCODE)
    DHT11_READ                               0x08001769   Thumb Code     0  dht.o(MYCODE)
    UPDATE_Modes                             0x080020c5   Thumb Code     0  display3.o(MYCODE)



==============================================================================

Memory Map of the image

  Image Entry point : 0x080000ed

  Load Region LR_1 (Base: 0x08000000, Size: 0x00005b9c, Max: 0xffffffff, ABSOLUTE)

    Execution Region ER_RO (Exec base: 0x08000000, Load base: 0x08000000, Size: 0x00005b9c, Max: 0xffffffff, ABSOLUTE)

    Exec Addr    Load Addr    Size         Type   Attr      Idx    E Section Name        Object

    0x08000000   0x08000000   0x000000ec   Data   RO           56    RESET               startup_stm32f10x_md.o
    0x080000ec   0x080000ec   0x00000170   Code   RO           57  * .text               startup_stm32f10x_md.o
    0x0800025c   0x0800025c   0x00000006   Code   RO           82    .text               c_w.l(heapauxi.o)
    0x08000262   0x08000262   0x00000002   PAD
    0x08000264   0x08000264   0x00000008   Code   RO           66    .text.SetSysClock   system_stm32f10x.o
    0x0800026c   0x0800026c   0x00000122   Code   RO           70    .text.SetSysClockTo72  system_stm32f10x.o
    0x0800038e   0x0800038e   0x00000002   PAD
    0x08000390   0x08000390   0x00000066   Code   RO           64    .text.SystemInit    system_stm32f10x.o
    0x080003f6   0x080003f6   0x00000002   PAD
    0x080003f8   0x080003f8   0x00000034   Code   RO           33    HANDLERS            exti4_handler.o
    0x0800042c   0x0800042c   0x00000ac8   Code   RO            2  * MYCODE              source.o
    0x08000ef4   0x08000ef4   0x0000008c   Code   RO           14    MYCODE              rtc.o
    0x08000f80   0x08000f80   0x000000f4   Code   RO           18    MYCODE              timer.o
    0x08001074   0x08001074   0x00000084   Code   RO           26    MYCODE              ir_sensor.o
    0x080010f8   0x080010f8   0x00000670   Code   RO           30    MYCODE              buttons.o
    0x08001768   0x08001768   0x000000e8   Code   RO           37    MYCODE              dht.o
    0x08001850   0x08001850   0x00000c78   Code   RO           49    MYCODE              display3.o
    0x080024c8   0x080024c8   0x00000260   Code   RO           53    MYCODE              startup_stm32f10x_md.o
    0x08002728   0x08002728   0x00001444   Data   RO            1    MYDATA              source.o
    0x08003b6c   0x08003b6c   0x00000f20   Data   RO           29    MYDATA              buttons.o
    0x08004a8c   0x08004a8c   0x00001110   Data   RO           48    MYDATA              display3.o


    Execution Region ER_RW (Exec base: 0x20000000, Load base: 0x08005b9c, Size: 0x00000000, Max: 0xffffffff, ABSOLUTE)

    **** No section assigned to this execution region ****


    Execution Region ER_ZI (Exec base: 0x20000000, Load base: 0x08005b9c, Size: 0x00000600, Max: 0xffffffff, ABSOLUTE)

    Exec Addr    Load Addr    Size         Type   Attr      Idx    E Section Name        Object

    0x20000000        -       0x00000200   Zero   RW           55    HEAP                startup_stm32f10x_md.o
    0x20000200        -       0x00000400   Zero   RW           54    STACK               startup_stm32f10x_md.o


==============================================================================

Image component sizes


      Code (inc. data)   RO Data    RW Data    ZI Data      Debug   Object Name

      1648        166       3872          0          0        780   buttons.o
       232         14          0          0          0        300   dht.o
      3192        244       4368          0          0       1284   display3.o
        52         14          0          0          0        256   exti4_handler.o
       132         32          0          0          0        260   ir_sensor.o
       140         20          0          0          0        256   rtc.o
      2760        278       5188          0          0       1236   source.o
       976         98        236          0       1536       1432   startup_stm32f10x_md.o
       400          0          0          0          0       3014   system_stm32f10x.o
       244         50          0          0          0        300   timer.o

    ----------------------------------------------------------------------
      9780        916      13664          0       1536       9118   Object Totals
         0          0          0          0          0          0   (incl. Generated)
         4          0          0          0          0          0   (incl. Padding)

    ----------------------------------------------------------------------

      Code (inc. data)   RO Data    RW Data    ZI Data      Debug   Library Member Name

         6          0          0          0          0        152   heapauxi.o

    ----------------------------------------------------------------------
         8          0          0          0          0        152   Library Totals
         2          0          0          0          0          0   (incl. Padding)

    ----------------------------------------------------------------------

      Code (inc. data)   RO Data    RW Data    ZI Data      Debug   Library Name

         6          0          0          0          0        152   c_w.l

    ----------------------------------------------------------------------
         8          0          0          0          0        152   Library Totals

    ----------------------------------------------------------------------

==============================================================================


      Code (inc. data)   RO Data    RW Data    ZI Data      Debug   

      9788        916      13664          0       1536       9218   Grand Totals
      9788        916      13664          0       1536       9218   ELF Image Totals
      9788        916      13664          0          0          0   ROM Totals

==============================================================================

    Total RO  Size (Code + RO Data)                23452 (  22.90kB)
    Total RW  Size (RW Data + ZI Data)              1536 (   1.50kB)
    Total ROM Size (Code + RO Data + RW Data)      23452 (  22.90kB)

==============================================================================

