Component: Arm Compiler for Embedded 6.22 Tool: armlink [5ee90200]

==============================================================================

Section Cross References

    source.o(MYDATA) refers (Special) to ir_sensor.o(MYCODE) for PIR_Sensors_init
    source.o(MYDATA) refers (Special) to rtc.o(MYCODE) for RTC_INIT
    source.o(MYCODE) refers (Special) to ir_sensor.o(MYCODE) for PIR_Sensors_init
    source.o(MYCODE) refers (Special) to rtc.o(MYCODE) for RTC_INIT
    source.o(MYCODE) refers to buttons.o(MYCODE) for BUTTONS_INIT
    source.o(MYCODE) refers to timer.o(MYCODE) for TIMER4_INIT
    startup_stm32f10x_md.o(STACK) refers (Special) to heapauxi.o(.text) for __use_two_region_memory
    startup_stm32f10x_md.o(HEAP) refers (Special) to heapauxi.o(.text) for __use_two_region_memory
    startup_stm32f10x_md.o(RESET) refers (Special) to heapauxi.o(.text) for __use_two_region_memory
    startup_stm32f10x_md.o(RESET) refers to startup_stm32f10x_md.o(STACK) for __initial_sp
    startup_stm32f10x_md.o(RESET) refers to startup_stm32f10x_md.o(.text) for Reset_Handler
    startup_stm32f10x_md.o(RESET) refers to exti4_handler.o(HANDLERS) for EXTI4_IRQHandler
    startup_stm32f10x_md.o(.text) refers (Special) to heapauxi.o(.text) for __use_two_region_memory
    startup_stm32f10x_md.o(.text) refers to system_stm32f10x.o(.text.SystemInit) for SystemInit
    startup_stm32f10x_md.o(.text) refers to source.o(MYCODE) for __main
    startup_stm32f10x_md.o(.text) refers to startup_stm32f10x_md.o(HEAP) for Heap_Mem
    startup_stm32f10x_md.o(.text) refers to startup_stm32f10x_md.o(STACK) for Stack_Mem
    system_stm32f10x.o(.text.SystemInit) refers to system_stm32f10x.o(.text.SetSysClock) for SetSysClock
    system_stm32f10x.o(.ARM.exidx.text.SystemInit) refers to system_stm32f10x.o(.text.SystemInit) for [Anonymous Symbol]
    system_stm32f10x.o(.text.SetSysClock) refers to system_stm32f10x.o(.text.SetSysClockTo72) for SetSysClockTo72
    system_stm32f10x.o(.ARM.exidx.text.SetSysClock) refers to system_stm32f10x.o(.text.SetSysClock) for [Anonymous Symbol]
    system_stm32f10x.o(.text.SystemCoreClockUpdate) refers to system_stm32f10x.o(.data.SystemCoreClock) for SystemCoreClock
    system_stm32f10x.o(.text.SystemCoreClockUpdate) refers to system_stm32f10x.o(.rodata.AHBPrescTable) for AHBPrescTable
    system_stm32f10x.o(.ARM.exidx.text.SystemCoreClockUpdate) refers to system_stm32f10x.o(.text.SystemCoreClockUpdate) for [Anonymous Symbol]
    system_stm32f10x.o(.ARM.exidx.text.SetSysClockTo72) refers to system_stm32f10x.o(.text.SetSysClockTo72) for [Anonymous Symbol]


==============================================================================

Removing Unused input sections from the image.

    Removing output.o(OUTPUT_CODE), (60 bytes).
    Removing source.o(MYDATA), (0 bytes).
    Removing tft.o(MYDATA), (0 bytes).
    Removing tft.o(MYCODE), (608 bytes).
    Removing definitions.o(MYDATA), (0 bytes).
    Removing rtc.o(MYDATA), (0 bytes).
    Removing timer.o(MYDATA), (0 bytes).
    Removing adc.o(MYDATA), (0 bytes).
    Removing adc.o(MYCODE), (200 bytes).
    Removing ir_sensor.o(MYDATA), (0 bytes).
    Removing buttons.o(MYDATA), (0 bytes).
    Removing dht.o(MYDATA), (0 bytes).
    Removing dht.o(MYCODE), (244 bytes).
    Removing display.o(MYDATA), (0 bytes).
    Removing display.o(MYCODE), (2936 bytes).
    Removing system_stm32f10x.o(.text), (0 bytes).
    Removing system_stm32f10x.o(.ARM.exidx.text.SystemInit), (8 bytes).
    Removing system_stm32f10x.o(.ARM.exidx.text.SetSysClock), (8 bytes).
    Removing system_stm32f10x.o(.text.SystemCoreClockUpdate), (290 bytes).
    Removing system_stm32f10x.o(.ARM.exidx.text.SystemCoreClockUpdate), (8 bytes).
    Removing system_stm32f10x.o(.ARM.exidx.text.SetSysClockTo72), (8 bytes).
    Removing system_stm32f10x.o(.data.SystemCoreClock), (4 bytes).
    Removing system_stm32f10x.o(.rodata.AHBPrescTable), (16 bytes).

23 unused section(s) (total 4390 bytes) removed from the image.

==============================================================================

Image Symbol Table

    Local Symbols

    Symbol Name                              Value     Ov Type        Size  Object(Section)

    ../clib/heapaux.c                        0x00000000   Number         0  heapauxi.o ABSOLUTE
    Buttons.s                                0x00000000   Number         0  buttons.o ABSOLUTE
    DEFINITIONS.s                            0x00000000   Number         0  definitions.o ABSOLUTE
    DHT.s                                    0x00000000   Number         0  dht.o ABSOLUTE
    Display.s                                0x00000000   Number         0  display.o ABSOLUTE
    EXTI4_Handler.s                          0x00000000   Number         0  exti4_handler.o ABSOLUTE
    IR_Sensor.s                              0x00000000   Number         0  ir_sensor.o ABSOLUTE
    Output.s                                 0x00000000   Number         0  output.o ABSOLUTE
    RTC.s                                    0x00000000   Number         0  rtc.o ABSOLUTE
    RTE/Device/STM32F103C8/startup_stm32f10x_md.s 0x00000000   Number         0  startup_stm32f10x_md.o ABSOLUTE
    TFT.s                                    0x00000000   Number         0  tft.o ABSOLUTE
    adc.s                                    0x00000000   Number         0  adc.o ABSOLUTE
    dc.s                                     0x00000000   Number         0  dc.o ABSOLUTE
    source.s                                 0x00000000   Number         0  source.o ABSOLUTE
    system_stm32f10x.c                       0x00000000   Number         0  system_stm32f10x.o ABSOLUTE
    timer.s                                  0x00000000   Number         0  timer.o ABSOLUTE
    RESET                                    0x08000000   Section      236  startup_stm32f10x_md.o(RESET)
    .text                                    0x080000ec   Section      264  startup_stm32f10x_md.o(.text)
    .text                                    0x080001f4   Section        0  heapauxi.o(.text)
    SetSysClock                              0x080001fd   Thumb Code     8  system_stm32f10x.o(.text.SetSysClock)
    [Anonymous Symbol]                       0x080001fc   Section        0  system_stm32f10x.o(.text.SetSysClock)
    SetSysClockTo72                          0x08000205   Thumb Code   290  system_stm32f10x.o(.text.SetSysClockTo72)
    [Anonymous Symbol]                       0x08000204   Section        0  system_stm32f10x.o(.text.SetSysClockTo72)
    [Anonymous Symbol]                       0x08000328   Section        0  system_stm32f10x.o(.text.SystemInit)
    HANDLERS                                 0x08000390   Section       52  exti4_handler.o(HANDLERS)
    MYCODE                                   0x080003c4   Section     3116  source.o(MYCODE)
    MYCODE                                   0x08000ff0   Section      140  rtc.o(MYCODE)
    MYCODE                                   0x0800107c   Section      252  timer.o(MYCODE)
    MYCODE                                   0x08001178   Section      132  ir_sensor.o(MYCODE)
    MYCODE                                   0x080011fc   Section     3236  buttons.o(MYCODE)
    Heap_Mem                                 0x20000000   Data         512  startup_stm32f10x_md.o(HEAP)
    HEAP                                     0x20000000   Section      512  startup_stm32f10x_md.o(HEAP)
    Stack_Mem                                0x20000200   Data        1024  startup_stm32f10x_md.o(STACK)
    STACK                                    0x20000200   Section     1024  startup_stm32f10x_md.o(STACK)
    __initial_sp                             0x20000600   Data           0  startup_stm32f10x_md.o(STACK)

    Global Symbols

    Symbol Name                              Value     Ov Type        Size  Object(Section)

    BuildAttributes$$THM_ISAv4$P$D$K$B$S$PE$A:L22UL41UL21$X:L11$S22US41US21$IEEE1$IW$~IW$USESV6$~STKCKD$USESV7$~SHL$OSPACE$ROPI$EBA8$STANDARDLIB$REQ8$EABIv2 0x00000000   Number         0  anon$$obj.o ABSOLUTE
    __Vectors_Size                           0x000000ec   Number         0  startup_stm32f10x_md.o ABSOLUTE
    __Vectors                                0x08000000   Data           4  startup_stm32f10x_md.o(RESET)
    Reset_Handler                            0x080000ed   Thumb Code     8  startup_stm32f10x_md.o(.text)
    __Vectors_End                            0x080000ec   Data           0  startup_stm32f10x_md.o(RESET)
    NMI_Handler                              0x080000f5   Thumb Code     2  startup_stm32f10x_md.o(.text)
    HardFault_Handler                        0x080000f7   Thumb Code     2  startup_stm32f10x_md.o(.text)
    MemManage_Handler                        0x080000f9   Thumb Code     2  startup_stm32f10x_md.o(.text)
    BusFault_Handler                         0x080000fb   Thumb Code     2  startup_stm32f10x_md.o(.text)
    UsageFault_Handler                       0x080000fd   Thumb Code     2  startup_stm32f10x_md.o(.text)
    SVC_Handler                              0x080000ff   Thumb Code     2  startup_stm32f10x_md.o(.text)
    DebugMon_Handler                         0x08000101   Thumb Code     2  startup_stm32f10x_md.o(.text)
    PendSV_Handler                           0x08000103   Thumb Code     2  startup_stm32f10x_md.o(.text)
    SysTick_Handler                          0x08000105   Thumb Code     2  startup_stm32f10x_md.o(.text)
    EXTI0_IRQHandler                         0x08000107   Thumb Code     0  startup_stm32f10x_md.o(.text)
    FLASH_IRQHandler                         0x08000107   Thumb Code     0  startup_stm32f10x_md.o(.text)
    PVD_IRQHandler                           0x08000107   Thumb Code     0  startup_stm32f10x_md.o(.text)
    RCC_IRQHandler                           0x08000107   Thumb Code     0  startup_stm32f10x_md.o(.text)
    RTC_IRQHandler                           0x08000107   Thumb Code     0  startup_stm32f10x_md.o(.text)
    TAMPER_IRQHandler                        0x08000107   Thumb Code     0  startup_stm32f10x_md.o(.text)
    WWDG_IRQHandler                          0x08000107   Thumb Code     0  startup_stm32f10x_md.o(.text)
    ADC1_2_IRQHandler                        0x0800011f   Thumb Code     0  startup_stm32f10x_md.o(.text)
    CAN1_RX1_IRQHandler                      0x0800011f   Thumb Code     0  startup_stm32f10x_md.o(.text)
    CAN1_SCE_IRQHandler                      0x0800011f   Thumb Code     0  startup_stm32f10x_md.o(.text)
    DMA1_Channel1_IRQHandler                 0x0800011f   Thumb Code     0  startup_stm32f10x_md.o(.text)
    DMA1_Channel2_IRQHandler                 0x0800011f   Thumb Code     0  startup_stm32f10x_md.o(.text)
    DMA1_Channel3_IRQHandler                 0x0800011f   Thumb Code     0  startup_stm32f10x_md.o(.text)
    DMA1_Channel4_IRQHandler                 0x0800011f   Thumb Code     0  startup_stm32f10x_md.o(.text)
    DMA1_Channel5_IRQHandler                 0x0800011f   Thumb Code     0  startup_stm32f10x_md.o(.text)
    DMA1_Channel6_IRQHandler                 0x0800011f   Thumb Code     0  startup_stm32f10x_md.o(.text)
    DMA1_Channel7_IRQHandler                 0x0800011f   Thumb Code     0  startup_stm32f10x_md.o(.text)
    EXTI1_IRQHandler                         0x0800011f   Thumb Code     0  startup_stm32f10x_md.o(.text)
    EXTI2_IRQHandler                         0x0800011f   Thumb Code     0  startup_stm32f10x_md.o(.text)
    EXTI3_IRQHandler                         0x0800011f   Thumb Code     0  startup_stm32f10x_md.o(.text)
    EXTI9_5_IRQHandler                       0x0800011f   Thumb Code     0  startup_stm32f10x_md.o(.text)
    TIM1_BRK_IRQHandler                      0x0800011f   Thumb Code     0  startup_stm32f10x_md.o(.text)
    TIM1_CC_IRQHandler                       0x0800011f   Thumb Code     0  startup_stm32f10x_md.o(.text)
    TIM1_TRG_COM_IRQHandler                  0x0800011f   Thumb Code     0  startup_stm32f10x_md.o(.text)
    TIM1_UP_IRQHandler                       0x0800011f   Thumb Code     0  startup_stm32f10x_md.o(.text)
    TIM2_IRQHandler                          0x0800011f   Thumb Code     0  startup_stm32f10x_md.o(.text)
    TIM3_IRQHandler                          0x0800011f   Thumb Code     0  startup_stm32f10x_md.o(.text)
    USB_HP_CAN1_TX_IRQHandler                0x0800011f   Thumb Code     0  startup_stm32f10x_md.o(.text)
    USB_LP_CAN1_RX0_IRQHandler               0x0800011f   Thumb Code     0  startup_stm32f10x_md.o(.text)
    TIM4_IRQHandler                          0x0800014f   Thumb Code     0  startup_stm32f10x_md.o(.text)
    EXTI15_10_IRQHandler                     0x0800018b   Thumb Code     0  startup_stm32f10x_md.o(.text)
    I2C1_ER_IRQHandler                       0x0800018b   Thumb Code     0  startup_stm32f10x_md.o(.text)
    I2C1_EV_IRQHandler                       0x0800018b   Thumb Code     0  startup_stm32f10x_md.o(.text)
    I2C2_ER_IRQHandler                       0x0800018b   Thumb Code     0  startup_stm32f10x_md.o(.text)
    I2C2_EV_IRQHandler                       0x0800018b   Thumb Code     0  startup_stm32f10x_md.o(.text)
    SPI1_IRQHandler                          0x0800018b   Thumb Code     0  startup_stm32f10x_md.o(.text)
    SPI2_IRQHandler                          0x0800018b   Thumb Code     0  startup_stm32f10x_md.o(.text)
    USART1_IRQHandler                        0x0800018b   Thumb Code     0  startup_stm32f10x_md.o(.text)
    USART2_IRQHandler                        0x0800018b   Thumb Code     0  startup_stm32f10x_md.o(.text)
    USART3_IRQHandler                        0x0800018b   Thumb Code     0  startup_stm32f10x_md.o(.text)
    RTCAlarm_IRQHandler                      0x080001a5   Thumb Code     0  startup_stm32f10x_md.o(.text)
    USBWakeUp_IRQHandler                     0x080001a5   Thumb Code     0  startup_stm32f10x_md.o(.text)
    __user_initial_stackheap                 0x080001a9   Thumb Code     0  startup_stm32f10x_md.o(.text)
    __use_two_region_memory                  0x080001f5   Thumb Code     2  heapauxi.o(.text)
    __rt_heap_escrow$2region                 0x080001f7   Thumb Code     2  heapauxi.o(.text)
    __rt_heap_expand$2region                 0x080001f9   Thumb Code     2  heapauxi.o(.text)
    SystemInit                               0x08000329   Thumb Code   102  system_stm32f10x.o(.text.SystemInit)
    EXTI4_IRQHandler                         0x08000391   Thumb Code     0  exti4_handler.o(HANDLERS)
    __main                                   0x08000f3d   Thumb Code   152  source.o(MYCODE)
    RTC_INIT                                 0x08000ff1   Thumb Code     0  rtc.o(MYCODE)
    TIMER2_INIT                              0x0800107d   Thumb Code     0  timer.o(MYCODE)
    TIMER3_INIT                              0x080010c9   Thumb Code     0  timer.o(MYCODE)
    TIMER4_INIT                              0x08001107   Thumb Code     0  timer.o(MYCODE)
    PIR_Sensors_init                         0x08001179   Thumb Code     0  ir_sensor.o(MYCODE)
    BUTTONS_INIT                             0x08001e0f   Thumb Code     0  buttons.o(MYCODE)



==============================================================================

Memory Map of the image

  Image Entry point : 0x080000ed

  Load Region LR_1 (Base: 0x08000000, Size: 0x00001ea0, Max: 0xffffffff, ABSOLUTE)

    Execution Region ER_RO (Exec base: 0x08000000, Load base: 0x08000000, Size: 0x00001ea0, Max: 0xffffffff, ABSOLUTE)

    Exec Addr    Load Addr    Size         Type   Attr      Idx    E Section Name        Object

    0x08000000   0x08000000   0x000000ec   Data   RO           50    RESET               startup_stm32f10x_md.o
    0x080000ec   0x080000ec   0x00000108   Code   RO           51  * .text               startup_stm32f10x_md.o
    0x080001f4   0x080001f4   0x00000006   Code   RO           74    .text               c_w.l(heapauxi.o)
    0x080001fa   0x080001fa   0x00000002   PAD
    0x080001fc   0x080001fc   0x00000008   Code   RO           58    .text.SetSysClock   system_stm32f10x.o
    0x08000204   0x08000204   0x00000122   Code   RO           62    .text.SetSysClockTo72  system_stm32f10x.o
    0x08000326   0x08000326   0x00000002   PAD
    0x08000328   0x08000328   0x00000066   Code   RO           56    .text.SystemInit    system_stm32f10x.o
    0x0800038e   0x0800038e   0x00000002   PAD
    0x08000390   0x08000390   0x00000034   Code   RO           37    HANDLERS            exti4_handler.o
    0x080003c4   0x080003c4   0x00000c2c   Code   RO            8  * MYCODE              source.o
    0x08000ff0   0x08000ff0   0x0000008c   Code   RO           18    MYCODE              rtc.o
    0x0800107c   0x0800107c   0x000000fc   Code   RO           22    MYCODE              timer.o
    0x08001178   0x08001178   0x00000084   Code   RO           30    MYCODE              ir_sensor.o
    0x080011fc   0x080011fc   0x00000ca4   Code   RO           34    MYCODE              buttons.o


    Execution Region ER_RW (Exec base: 0x20000000, Load base: 0x08001ea0, Size: 0x00000000, Max: 0xffffffff, ABSOLUTE)

    **** No section assigned to this execution region ****


    Execution Region ER_ZI (Exec base: 0x20000000, Load base: 0x08001ea0, Size: 0x00000600, Max: 0xffffffff, ABSOLUTE)

    Exec Addr    Load Addr    Size         Type   Attr      Idx    E Section Name        Object

    0x20000000        -       0x00000200   Zero   RW           49    HEAP                startup_stm32f10x_md.o
    0x20000200        -       0x00000400   Zero   RW           48    STACK               startup_stm32f10x_md.o


==============================================================================

Image component sizes


      Code (inc. data)   RO Data    RW Data    ZI Data      Debug   Object Name

      3236         84          0          0          0       1284   buttons.o
        52         14          0          0          0        248   exti4_handler.o
       132         32          0          0          0        260   ir_sensor.o
         0          0          0          0          0         32   output.o
       140         20          0          0          0        256   rtc.o
      3116         66          0          0          0       1320   source.o
       264         68        236          0       1536        904   startup_stm32f10x_md.o
       400          0          0          0          0       3006   system_stm32f10x.o
       252         52          0          0          0        292   timer.o

    ----------------------------------------------------------------------
      7596        336        236          0       1536       7602   Object Totals
         0          0          0          0          0          0   (incl. Generated)
         4          0          0          0          0          0   (incl. Padding)

    ----------------------------------------------------------------------

      Code (inc. data)   RO Data    RW Data    ZI Data      Debug   Library Member Name

         6          0          0          0          0        152   heapauxi.o

    ----------------------------------------------------------------------
         8          0          0          0          0        152   Library Totals
         2          0          0          0          0          0   (incl. Padding)

    ----------------------------------------------------------------------

      Code (inc. data)   RO Data    RW Data    ZI Data      Debug   Library Name

         6          0          0          0          0        152   c_w.l

    ----------------------------------------------------------------------
         8          0          0          0          0        152   Library Totals

    ----------------------------------------------------------------------

==============================================================================


      Code (inc. data)   RO Data    RW Data    ZI Data      Debug   

      7604        336        236          0       1536       7702   Grand Totals
      7604        336        236          0       1536       7702   ELF Image Totals
      7604        336        236          0          0          0   ROM Totals

==============================================================================

    Total RO  Size (Code + RO Data)                 7840 (   7.66kB)
    Total RW  Size (RW Data + ZI Data)              1536 (   1.50kB)
    Total ROM Size (Code + RO Data + RW Data)       7840 (   7.66kB)

==============================================================================

