Component: Arm Compiler for Embedded 6.22 Tool: armlink [5ee90200]

==============================================================================

Section Cross References

    source.o(MYDATA) refers (Special) to rtc.o(MYCODE) for RTC_INIT
    source.o(MYDATA) refers (Special) to timer.o(MYCODE) for TIMER3_INIT
    source.o(MYCODE) refers (Special) to rtc.o(MYCODE) for RTC_INIT
    source.o(MYCODE) refers (Special) to timer.o(MYCODE) for TIMER3_INIT
    source.o(MYCODE) refers to source.o(MYDATA) for A_CHAR
    source.o(MYCODE) refers to dht.o(MYCODE) for DHT11_READ
    source.o(MYCODE) refers to buttons.o(MYCODE) for BUTTONS_INIT
    source.o(MYCODE) refers to ir_sensor.o(MYCODE) for PIR_Sensors_init
    source.o(MYCODE) refers to display3.o(MYCODE) for UPDATE_Modes
    buttons.o(MYCODE) refers to buttons.o(MYDATA) for A_CHAR
    display.o(MYCODE) refers to display.o(MYDATA) for A_CHAR
    display2.o(MYCODE) refers to display2.o(MYDATA) for A_CHAR
    display2.o(MYCODE) refers to dht.o(MYCODE) for DHT11_READ
    display3.o(MYCODE) refers to display3.o(MYDATA) for A_CHAR
    display3.o(MYCODE) refers to dht.o(MYCODE) for DHT11_READ
    startup_stm32f10x_md.o(STACK) refers (Special) to heapauxi.o(.text) for __use_two_region_memory
    startup_stm32f10x_md.o(HEAP) refers (Special) to heapauxi.o(.text) for __use_two_region_memory
    startup_stm32f10x_md.o(RESET) refers (Special) to heapauxi.o(.text) for __use_two_region_memory
    startup_stm32f10x_md.o(RESET) refers to startup_stm32f10x_md.o(STACK) for __initial_sp
    startup_stm32f10x_md.o(RESET) refers to startup_stm32f10x_md.o(.text) for Reset_Handler
    startup_stm32f10x_md.o(RESET) refers to exti4_handler.o(HANDLERS) for EXTI4_IRQHandler
    startup_stm32f10x_md.o(.text) refers (Special) to heapauxi.o(.text) for __use_two_region_memory
    startup_stm32f10x_md.o(.text) refers to system_stm32f10x.o(.text.SystemInit) for SystemInit
    startup_stm32f10x_md.o(.text) refers to source.o(MYCODE) for __main
    startup_stm32f10x_md.o(.text) refers to startup_stm32f10x_md.o(HEAP) for Heap_Mem
    startup_stm32f10x_md.o(.text) refers to startup_stm32f10x_md.o(STACK) for Stack_Mem
    system_stm32f10x.o(.text.SystemInit) refers to system_stm32f10x.o(.text.SetSysClock) for SetSysClock
    system_stm32f10x.o(.ARM.exidx.text.SystemInit) refers to system_stm32f10x.o(.text.SystemInit) for [Anonymous Symbol]
    system_stm32f10x.o(.text.SetSysClock) refers to system_stm32f10x.o(.text.SetSysClockTo72) for SetSysClockTo72
    system_stm32f10x.o(.ARM.exidx.text.SetSysClock) refers to system_stm32f10x.o(.text.SetSysClock) for [Anonymous Symbol]
    system_stm32f10x.o(.text.SystemCoreClockUpdate) refers to system_stm32f10x.o(.data.SystemCoreClock) for SystemCoreClock
    system_stm32f10x.o(.text.SystemCoreClockUpdate) refers to system_stm32f10x.o(.rodata.AHBPrescTable) for AHBPrescTable
    system_stm32f10x.o(.ARM.exidx.text.SystemCoreClockUpdate) refers to system_stm32f10x.o(.text.SystemCoreClockUpdate) for [Anonymous Symbol]
    system_stm32f10x.o(.ARM.exidx.text.SetSysClockTo72) refers to system_stm32f10x.o(.text.SetSysClockTo72) for [Anonymous Symbol]


==============================================================================

Removing Unused input sections from the image.

    Removing output.o(OUTPUT_CODE), (60 bytes).
    Removing tft.o(MYDATA), (3856 bytes).
    Removing tft.o(MYCODE), (608 bytes).
    Removing definitions.o(MYDATA), (3872 bytes).
    Removing rtc.o(MYDATA), (0 bytes).
    Removing timer.o(MYDATA), (3872 bytes).
    Removing adc.o(MYDATA), (0 bytes).
    Removing adc.o(MYCODE), (200 bytes).
    Removing ir_sensor.o(MYDATA), (0 bytes).
    Removing dht.o(MYDATA), (3856 bytes).
    Removing display.o(MYDATA), (3872 bytes).
    Removing display.o(MYCODE), (1404 bytes).
    Removing display2.o(MYDATA), (3872 bytes).
    Removing display2.o(MYCODE), (2336 bytes).
    Removing system_stm32f10x.o(.text), (0 bytes).
    Removing system_stm32f10x.o(.ARM.exidx.text.SystemInit), (8 bytes).
    Removing system_stm32f10x.o(.ARM.exidx.text.SetSysClock), (8 bytes).
    Removing system_stm32f10x.o(.text.SystemCoreClockUpdate), (290 bytes).
    Removing system_stm32f10x.o(.ARM.exidx.text.SystemCoreClockUpdate), (8 bytes).
    Removing system_stm32f10x.o(.ARM.exidx.text.SetSysClockTo72), (8 bytes).
    Removing system_stm32f10x.o(.data.SystemCoreClock), (4 bytes).
    Removing system_stm32f10x.o(.rodata.AHBPrescTable), (16 bytes).

22 unused section(s) (total 28150 bytes) removed from the image.

==============================================================================

Image Symbol Table

    Local Symbols

    Symbol Name                              Value     Ov Type        Size  Object(Section)

    ../clib/heapaux.c                        0x00000000   Number         0  heapauxi.o ABSOLUTE
    Buttons.s                                0x00000000   Number         0  buttons.o ABSOLUTE
    DEFINITIONS.s                            0x00000000   Number         0  definitions.o ABSOLUTE
    DHT.s                                    0x00000000   Number         0  dht.o ABSOLUTE
    Display.s                                0x00000000   Number         0  display.o ABSOLUTE
    Display2.s                               0x00000000   Number         0  display2.o ABSOLUTE
    Display3.s                               0x00000000   Number         0  display3.o ABSOLUTE
    EXTI4_Handler.s                          0x00000000   Number         0  exti4_handler.o ABSOLUTE
    IR_Sensor.s                              0x00000000   Number         0  ir_sensor.o ABSOLUTE
    Output.s                                 0x00000000   Number         0  output.o ABSOLUTE
    RTC.s                                    0x00000000   Number         0  rtc.o ABSOLUTE
    RTE/Device/STM32F103C8/startup_stm32f10x_md.s 0x00000000   Number         0  startup_stm32f10x_md.o ABSOLUTE
    TFT.s                                    0x00000000   Number         0  tft.o ABSOLUTE
    adc.s                                    0x00000000   Number         0  adc.o ABSOLUTE
    dc.s                                     0x00000000   Number         0  dc.o ABSOLUTE
    source.s                                 0x00000000   Number         0  source.o ABSOLUTE
    system_stm32f10x.c                       0x00000000   Number         0  system_stm32f10x.o ABSOLUTE
    timer.s                                  0x00000000   Number         0  timer.o ABSOLUTE
    RESET                                    0x08000000   Section      236  startup_stm32f10x_md.o(RESET)
    .text                                    0x080000ec   Section      284  startup_stm32f10x_md.o(.text)
    .text                                    0x08000208   Section        0  heapauxi.o(.text)
    SetSysClock                              0x08000211   Thumb Code     8  system_stm32f10x.o(.text.SetSysClock)
    [Anonymous Symbol]                       0x08000210   Section        0  system_stm32f10x.o(.text.SetSysClock)
    SetSysClockTo72                          0x08000219   Thumb Code   290  system_stm32f10x.o(.text.SetSysClockTo72)
    [Anonymous Symbol]                       0x08000218   Section        0  system_stm32f10x.o(.text.SetSysClockTo72)
    [Anonymous Symbol]                       0x0800033c   Section        0  system_stm32f10x.o(.text.SystemInit)
    HANDLERS                                 0x080003a4   Section       64  exti4_handler.o(HANDLERS)
    MYCODE                                   0x080003e4   Section     2720  source.o(MYCODE)
    MYCODE                                   0x08000e84   Section      140  rtc.o(MYCODE)
    MYCODE                                   0x08000f10   Section      256  timer.o(MYCODE)
    MYCODE                                   0x08001010   Section      132  ir_sensor.o(MYCODE)
    MYCODE                                   0x08001094   Section     1648  buttons.o(MYCODE)
    MYCODE                                   0x08001704   Section      232  dht.o(MYCODE)
    MYCODE                                   0x080017ec   Section     2992  display3.o(MYCODE)
    A_CHAR                                   0x0800239c   Data          16  source.o(MYDATA)
    MYDATA                                   0x0800239c   Section     3872  source.o(MYDATA)
    C_CHAR                                   0x080023bc   Data          16  source.o(MYDATA)
    D_CHAR                                   0x080023cc   Data          16  source.o(MYDATA)
    E_CHAR                                   0x080023dc   Data          16  source.o(MYDATA)
    F_CHAR                                   0x080023ec   Data          16  source.o(MYDATA)
    H_CHAR                                   0x0800240c   Data          16  source.o(MYDATA)
    I_CHAR                                   0x0800241c   Data          16  source.o(MYDATA)
    K_CHAR                                   0x0800243c   Data          16  source.o(MYDATA)
    L_CHAR                                   0x0800244c   Data          16  source.o(MYDATA)
    M_CHAR                                   0x0800245c   Data          16  source.o(MYDATA)
    N_CHAR                                   0x0800246c   Data          16  source.o(MYDATA)
    P_CHAR                                   0x0800247c   Data          16  source.o(MYDATA)
    R_CHAR                                   0x0800249c   Data          16  source.o(MYDATA)
    S_CHAR                                   0x080024ac   Data          16  source.o(MYDATA)
    T_CHAR                                   0x080024bc   Data          16  source.o(MYDATA)
    U_CHAR                                   0x080024cc   Data          16  source.o(MYDATA)
    W_CHAR                                   0x080024ec   Data          16  source.o(MYDATA)
    NO_CHAR                                  0x0800252c   Data          16  source.o(MYDATA)
    EIGHT_DIGIT                              0x0800253c   Data          16  source.o(MYDATA)
    FIVE_DIGIT                               0x0800254c   Data          16  source.o(MYDATA)
    FOUR_DIGIT                               0x0800255c   Data          16  source.o(MYDATA)
    NINE_DIGIT                               0x0800256c   Data          16  source.o(MYDATA)
    ONE_DIGIT                                0x0800257c   Data          16  source.o(MYDATA)
    SEVEN_DIGIT                              0x0800258c   Data          16  source.o(MYDATA)
    SIX_DIGIT                                0x0800259c   Data          16  source.o(MYDATA)
    THREE_DIGIT                              0x080025ac   Data          16  source.o(MYDATA)
    TWO_DIGIT                                0x080025bc   Data          16  source.o(MYDATA)
    ZERO_DIGIT                               0x080025cc   Data          16  source.o(MYDATA)
    DOT                                      0x080025dc   Data          16  source.o(MYDATA)
    A_CHAR                                   0x080032bc   Data          16  buttons.o(MYDATA)
    MYDATA                                   0x080032bc   Section     3872  buttons.o(MYDATA)
    C_CHAR                                   0x080032dc   Data          16  buttons.o(MYDATA)
    D_CHAR                                   0x080032ec   Data          16  buttons.o(MYDATA)
    E_CHAR                                   0x080032fc   Data          16  buttons.o(MYDATA)
    F_CHAR                                   0x0800330c   Data          16  buttons.o(MYDATA)
    H_CHAR                                   0x0800332c   Data          16  buttons.o(MYDATA)
    I_CHAR                                   0x0800333c   Data          16  buttons.o(MYDATA)
    K_CHAR                                   0x0800335c   Data          16  buttons.o(MYDATA)
    L_CHAR                                   0x0800336c   Data          16  buttons.o(MYDATA)
    M_CHAR                                   0x0800337c   Data          16  buttons.o(MYDATA)
    N_CHAR                                   0x0800338c   Data          16  buttons.o(MYDATA)
    P_CHAR                                   0x0800339c   Data          16  buttons.o(MYDATA)
    R_CHAR                                   0x080033bc   Data          16  buttons.o(MYDATA)
    S_CHAR                                   0x080033cc   Data          16  buttons.o(MYDATA)
    T_CHAR                                   0x080033dc   Data          16  buttons.o(MYDATA)
    U_CHAR                                   0x080033ec   Data          16  buttons.o(MYDATA)
    W_CHAR                                   0x0800340c   Data          16  buttons.o(MYDATA)
    NO_CHAR                                  0x0800344c   Data          16  buttons.o(MYDATA)
    EIGHT_DIGIT                              0x0800345c   Data          16  buttons.o(MYDATA)
    FIVE_DIGIT                               0x0800346c   Data          16  buttons.o(MYDATA)
    FOUR_DIGIT                               0x0800347c   Data          16  buttons.o(MYDATA)
    NINE_DIGIT                               0x0800348c   Data          16  buttons.o(MYDATA)
    ONE_DIGIT                                0x0800349c   Data          16  buttons.o(MYDATA)
    SEVEN_DIGIT                              0x080034ac   Data          16  buttons.o(MYDATA)
    SIX_DIGIT                                0x080034bc   Data          16  buttons.o(MYDATA)
    THREE_DIGIT                              0x080034cc   Data          16  buttons.o(MYDATA)
    TWO_DIGIT                                0x080034dc   Data          16  buttons.o(MYDATA)
    ZERO_DIGIT                               0x080034ec   Data          16  buttons.o(MYDATA)
    A_CHAR                                   0x080041dc   Data          16  display3.o(MYDATA)
    MYDATA                                   0x080041dc   Section     3872  display3.o(MYDATA)
    C_CHAR                                   0x080041fc   Data          16  display3.o(MYDATA)
    D_CHAR                                   0x0800420c   Data          16  display3.o(MYDATA)
    E_CHAR                                   0x0800421c   Data          16  display3.o(MYDATA)
    F_CHAR                                   0x0800422c   Data          16  display3.o(MYDATA)
    H_CHAR                                   0x0800424c   Data          16  display3.o(MYDATA)
    I_CHAR                                   0x0800425c   Data          16  display3.o(MYDATA)
    K_CHAR                                   0x0800427c   Data          16  display3.o(MYDATA)
    L_CHAR                                   0x0800428c   Data          16  display3.o(MYDATA)
    M_CHAR                                   0x0800429c   Data          16  display3.o(MYDATA)
    N_CHAR                                   0x080042ac   Data          16  display3.o(MYDATA)
    P_CHAR                                   0x080042bc   Data          16  display3.o(MYDATA)
    R_CHAR                                   0x080042dc   Data          16  display3.o(MYDATA)
    S_CHAR                                   0x080042ec   Data          16  display3.o(MYDATA)
    T_CHAR                                   0x080042fc   Data          16  display3.o(MYDATA)
    U_CHAR                                   0x0800430c   Data          16  display3.o(MYDATA)
    W_CHAR                                   0x0800432c   Data          16  display3.o(MYDATA)
    NO_CHAR                                  0x0800436c   Data          16  display3.o(MYDATA)
    EIGHT_DIGIT                              0x0800437c   Data          16  display3.o(MYDATA)
    FIVE_DIGIT                               0x0800438c   Data          16  display3.o(MYDATA)
    FOUR_DIGIT                               0x0800439c   Data          16  display3.o(MYDATA)
    NINE_DIGIT                               0x080043ac   Data          16  display3.o(MYDATA)
    ONE_DIGIT                                0x080043bc   Data          16  display3.o(MYDATA)
    SEVEN_DIGIT                              0x080043cc   Data          16  display3.o(MYDATA)
    SIX_DIGIT                                0x080043dc   Data          16  display3.o(MYDATA)
    THREE_DIGIT                              0x080043ec   Data          16  display3.o(MYDATA)
    TWO_DIGIT                                0x080043fc   Data          16  display3.o(MYDATA)
    ZERO_DIGIT                               0x0800440c   Data          16  display3.o(MYDATA)
    DOT                                      0x0800441c   Data          16  display3.o(MYDATA)
    Heap_Mem                                 0x20000000   Data         512  startup_stm32f10x_md.o(HEAP)
    HEAP                                     0x20000000   Section      512  startup_stm32f10x_md.o(HEAP)
    Stack_Mem                                0x20000200   Data        1024  startup_stm32f10x_md.o(STACK)
    STACK                                    0x20000200   Section     1024  startup_stm32f10x_md.o(STACK)
    __initial_sp                             0x20000600   Data           0  startup_stm32f10x_md.o(STACK)

    Global Symbols

    Symbol Name                              Value     Ov Type        Size  Object(Section)

    BuildAttributes$$THM_ISAv4$P$D$K$B$S$PE$A:L22UL41UL21$X:L11$S22US41US21$IEEE1$IW$~IW$USESV6$~STKCKD$USESV7$~SHL$OSPACE$ROPI$EBA8$STANDARDLIB$REQ8$EABIv2 0x00000000   Number         0  anon$$obj.o ABSOLUTE
    __Vectors_Size                           0x000000ec   Number         0  startup_stm32f10x_md.o ABSOLUTE
    __Vectors                                0x08000000   Data           4  startup_stm32f10x_md.o(RESET)
    Reset_Handler                            0x080000ed   Thumb Code     8  startup_stm32f10x_md.o(.text)
    __Vectors_End                            0x080000ec   Data           0  startup_stm32f10x_md.o(RESET)
    NMI_Handler                              0x080000f5   Thumb Code     2  startup_stm32f10x_md.o(.text)
    HardFault_Handler                        0x080000f7   Thumb Code     2  startup_stm32f10x_md.o(.text)
    MemManage_Handler                        0x080000f9   Thumb Code     2  startup_stm32f10x_md.o(.text)
    BusFault_Handler                         0x080000fb   Thumb Code     2  startup_stm32f10x_md.o(.text)
    UsageFault_Handler                       0x080000fd   Thumb Code     2  startup_stm32f10x_md.o(.text)
    SVC_Handler                              0x080000ff   Thumb Code     2  startup_stm32f10x_md.o(.text)
    DebugMon_Handler                         0x08000101   Thumb Code     2  startup_stm32f10x_md.o(.text)
    PendSV_Handler                           0x08000103   Thumb Code     2  startup_stm32f10x_md.o(.text)
    SysTick_Handler                          0x08000105   Thumb Code     2  startup_stm32f10x_md.o(.text)
    EXTI0_IRQHandler                         0x08000107   Thumb Code     0  startup_stm32f10x_md.o(.text)
    FLASH_IRQHandler                         0x08000107   Thumb Code     0  startup_stm32f10x_md.o(.text)
    PVD_IRQHandler                           0x08000107   Thumb Code     0  startup_stm32f10x_md.o(.text)
    RCC_IRQHandler                           0x08000107   Thumb Code     0  startup_stm32f10x_md.o(.text)
    RTC_IRQHandler                           0x08000107   Thumb Code     0  startup_stm32f10x_md.o(.text)
    TAMPER_IRQHandler                        0x08000107   Thumb Code     0  startup_stm32f10x_md.o(.text)
    WWDG_IRQHandler                          0x08000107   Thumb Code     0  startup_stm32f10x_md.o(.text)
    ADC1_2_IRQHandler                        0x0800011f   Thumb Code     0  startup_stm32f10x_md.o(.text)
    CAN1_RX1_IRQHandler                      0x0800011f   Thumb Code     0  startup_stm32f10x_md.o(.text)
    CAN1_SCE_IRQHandler                      0x0800011f   Thumb Code     0  startup_stm32f10x_md.o(.text)
    DMA1_Channel1_IRQHandler                 0x0800011f   Thumb Code     0  startup_stm32f10x_md.o(.text)
    DMA1_Channel2_IRQHandler                 0x0800011f   Thumb Code     0  startup_stm32f10x_md.o(.text)
    DMA1_Channel3_IRQHandler                 0x0800011f   Thumb Code     0  startup_stm32f10x_md.o(.text)
    DMA1_Channel4_IRQHandler                 0x0800011f   Thumb Code     0  startup_stm32f10x_md.o(.text)
    DMA1_Channel5_IRQHandler                 0x0800011f   Thumb Code     0  startup_stm32f10x_md.o(.text)
    DMA1_Channel6_IRQHandler                 0x0800011f   Thumb Code     0  startup_stm32f10x_md.o(.text)
    DMA1_Channel7_IRQHandler                 0x0800011f   Thumb Code     0  startup_stm32f10x_md.o(.text)
    EXTI1_IRQHandler                         0x0800011f   Thumb Code     0  startup_stm32f10x_md.o(.text)
    EXTI2_IRQHandler                         0x0800011f   Thumb Code     0  startup_stm32f10x_md.o(.text)
    EXTI3_IRQHandler                         0x0800011f   Thumb Code     0  startup_stm32f10x_md.o(.text)
    EXTI9_5_IRQHandler                       0x0800011f   Thumb Code     0  startup_stm32f10x_md.o(.text)
    TIM1_BRK_IRQHandler                      0x0800011f   Thumb Code     0  startup_stm32f10x_md.o(.text)
    TIM1_CC_IRQHandler                       0x0800011f   Thumb Code     0  startup_stm32f10x_md.o(.text)
    TIM1_TRG_COM_IRQHandler                  0x0800011f   Thumb Code     0  startup_stm32f10x_md.o(.text)
    TIM1_UP_IRQHandler                       0x0800011f   Thumb Code     0  startup_stm32f10x_md.o(.text)
    TIM2_IRQHandler                          0x0800011f   Thumb Code     0  startup_stm32f10x_md.o(.text)
    TIM3_IRQHandler                          0x0800011f   Thumb Code     0  startup_stm32f10x_md.o(.text)
    USB_HP_CAN1_TX_IRQHandler                0x0800011f   Thumb Code     0  startup_stm32f10x_md.o(.text)
    USB_LP_CAN1_RX0_IRQHandler               0x0800011f   Thumb Code     0  startup_stm32f10x_md.o(.text)
    TIM4_IRQHandler                          0x08000153   Thumb Code     0  startup_stm32f10x_md.o(.text)
    EXTI15_10_IRQHandler                     0x0800019f   Thumb Code     0  startup_stm32f10x_md.o(.text)
    I2C1_ER_IRQHandler                       0x0800019f   Thumb Code     0  startup_stm32f10x_md.o(.text)
    I2C1_EV_IRQHandler                       0x0800019f   Thumb Code     0  startup_stm32f10x_md.o(.text)
    I2C2_ER_IRQHandler                       0x0800019f   Thumb Code     0  startup_stm32f10x_md.o(.text)
    I2C2_EV_IRQHandler                       0x0800019f   Thumb Code     0  startup_stm32f10x_md.o(.text)
    SPI1_IRQHandler                          0x0800019f   Thumb Code     0  startup_stm32f10x_md.o(.text)
    SPI2_IRQHandler                          0x0800019f   Thumb Code     0  startup_stm32f10x_md.o(.text)
    USART1_IRQHandler                        0x0800019f   Thumb Code     0  startup_stm32f10x_md.o(.text)
    USART2_IRQHandler                        0x0800019f   Thumb Code     0  startup_stm32f10x_md.o(.text)
    USART3_IRQHandler                        0x0800019f   Thumb Code     0  startup_stm32f10x_md.o(.text)
    RTCAlarm_IRQHandler                      0x080001b9   Thumb Code     0  startup_stm32f10x_md.o(.text)
    USBWakeUp_IRQHandler                     0x080001b9   Thumb Code     0  startup_stm32f10x_md.o(.text)
    __user_initial_stackheap                 0x080001bd   Thumb Code     0  startup_stm32f10x_md.o(.text)
    __use_two_region_memory                  0x08000209   Thumb Code     2  heapauxi.o(.text)
    __rt_heap_escrow$2region                 0x0800020b   Thumb Code     2  heapauxi.o(.text)
    __rt_heap_expand$2region                 0x0800020d   Thumb Code     2  heapauxi.o(.text)
    SystemInit                               0x0800033d   Thumb Code   102  system_stm32f10x.o(.text.SystemInit)
    EXTI4_IRQHandler                         0x080003a5   Thumb Code     0  exti4_handler.o(HANDLERS)
    __main                                   0x08000d05   Thumb Code   312  source.o(MYCODE)
    RTC_INIT                                 0x08000e85   Thumb Code     0  rtc.o(MYCODE)
    TIMER2_INIT                              0x08000f11   Thumb Code     0  timer.o(MYCODE)
    TIMER3_INIT                              0x08000f5d   Thumb Code     0  timer.o(MYCODE)
    TIMER4_INIT                              0x08000f9d   Thumb Code     0  timer.o(MYCODE)
    PIR_Sensors_init                         0x08001011   Thumb Code     0  ir_sensor.o(MYCODE)
    BUTTONS_INIT                             0x080016cb   Thumb Code     0  buttons.o(MYCODE)
    DHT11_READ                               0x08001705   Thumb Code     0  dht.o(MYCODE)
    UPDATE_Modes                             0x0800210d   Thumb Code     0  display3.o(MYCODE)



==============================================================================

Memory Map of the image

  Image Entry point : 0x080000ed

  Load Region LR_1 (Base: 0x08000000, Size: 0x000050fc, Max: 0xffffffff, ABSOLUTE)

    Execution Region ER_RO (Exec base: 0x08000000, Load base: 0x08000000, Size: 0x000050fc, Max: 0xffffffff, ABSOLUTE)

    Exec Addr    Load Addr    Size         Type   Attr      Idx    E Section Name        Object

    0x08000000   0x08000000   0x000000ec   Data   RO           58    RESET               startup_stm32f10x_md.o
    0x080000ec   0x080000ec   0x0000011c   Code   RO           59  * .text               startup_stm32f10x_md.o
    0x08000208   0x08000208   0x00000006   Code   RO           82    .text               c_w.l(heapauxi.o)
    0x0800020e   0x0800020e   0x00000002   PAD
    0x08000210   0x08000210   0x00000008   Code   RO           66    .text.SetSysClock   system_stm32f10x.o
    0x08000218   0x08000218   0x00000122   Code   RO           70    .text.SetSysClockTo72  system_stm32f10x.o
    0x0800033a   0x0800033a   0x00000002   PAD
    0x0800033c   0x0800033c   0x00000066   Code   RO           64    .text.SystemInit    system_stm32f10x.o
    0x080003a2   0x080003a2   0x00000002   PAD
    0x080003a4   0x080003a4   0x00000040   Code   RO           37    HANDLERS            exti4_handler.o
    0x080003e4   0x080003e4   0x00000aa0   Code   RO            8  * MYCODE              source.o
    0x08000e84   0x08000e84   0x0000008c   Code   RO           18    MYCODE              rtc.o
    0x08000f10   0x08000f10   0x00000100   Code   RO           22    MYCODE              timer.o
    0x08001010   0x08001010   0x00000084   Code   RO           30    MYCODE              ir_sensor.o
    0x08001094   0x08001094   0x00000670   Code   RO           34    MYCODE              buttons.o
    0x08001704   0x08001704   0x000000e8   Code   RO           41    MYCODE              dht.o
    0x080017ec   0x080017ec   0x00000bb0   Code   RO           53    MYCODE              display3.o
    0x0800239c   0x0800239c   0x00000f20   Data   RO            7    MYDATA              source.o
    0x080032bc   0x080032bc   0x00000f20   Data   RO           33    MYDATA              buttons.o
    0x080041dc   0x080041dc   0x00000f20   Data   RO           52    MYDATA              display3.o


    Execution Region ER_RW (Exec base: 0x20000000, Load base: 0x080050fc, Size: 0x00000000, Max: 0xffffffff, ABSOLUTE)

    **** No section assigned to this execution region ****


    Execution Region ER_ZI (Exec base: 0x20000000, Load base: 0x080050fc, Size: 0x00000600, Max: 0xffffffff, ABSOLUTE)

    Exec Addr    Load Addr    Size         Type   Attr      Idx    E Section Name        Object

    0x20000000        -       0x00000200   Zero   RW           57    HEAP                startup_stm32f10x_md.o
    0x20000200        -       0x00000400   Zero   RW           56    STACK               startup_stm32f10x_md.o


==============================================================================

Image component sizes


      Code (inc. data)   RO Data    RW Data    ZI Data      Debug   Object Name

      1648        166       3872          0          0        780   buttons.o
       232         14          0          0          0        300   dht.o
      2992        236       3872          0          0       1204   display3.o
        64         16          0          0          0        260   exti4_handler.o
       132         32          0          0          0        260   ir_sensor.o
         0          0          0          0          0         32   output.o
       140         20          0          0          0        256   rtc.o
      2720        258       3872          0          0       1184   source.o
       284         68        236          0       1536        924   startup_stm32f10x_md.o
       400          0          0          0          0       3014   system_stm32f10x.o
       256         52          0          0          0        304   timer.o

    ----------------------------------------------------------------------
      8872        862      11852          0       1536       8518   Object Totals
         0          0          0          0          0          0   (incl. Generated)
         4          0          0          0          0          0   (incl. Padding)

    ----------------------------------------------------------------------

      Code (inc. data)   RO Data    RW Data    ZI Data      Debug   Library Member Name

         6          0          0          0          0        152   heapauxi.o

    ----------------------------------------------------------------------
         8          0          0          0          0        152   Library Totals
         2          0          0          0          0          0   (incl. Padding)

    ----------------------------------------------------------------------

      Code (inc. data)   RO Data    RW Data    ZI Data      Debug   Library Name

         6          0          0          0          0        152   c_w.l

    ----------------------------------------------------------------------
         8          0          0          0          0        152   Library Totals

    ----------------------------------------------------------------------

==============================================================================


      Code (inc. data)   RO Data    RW Data    ZI Data      Debug   

      8880        862      11852          0       1536       8618   Grand Totals
      8880        862      11852          0       1536       8618   ELF Image Totals
      8880        862      11852          0          0          0   ROM Totals

==============================================================================

    Total RO  Size (Code + RO Data)                20732 (  20.25kB)
    Total RW  Size (RW Data + ZI Data)              1536 (   1.50kB)
    Total ROM Size (Code + RO Data + RW Data)      20732 (  20.25kB)

==============================================================================

