Component: Arm Compiler for Embedded 6.22 Tool: armlink [5ee90200]

==============================================================================

Section Cross References

    source.o(MYDATA) refers (Special) to rtc.o(MYCODE) for RTC_INIT
    source.o(MYDATA) refers (Special) to timer.o(MYCODE) for TIMER3_INIT
    source.o(MYCODE) refers (Special) to rtc.o(MYCODE) for RTC_INIT
    source.o(MYCODE) refers (Special) to timer.o(MYCODE) for TIMER3_INIT
    source.o(MYCODE) refers to source.o(MYDATA) for A_CHAR
    source.o(MYCODE) refers to dht.o(MYCODE) for DHT11_READ
    source.o(MYCODE) refers to buttons.o(MYCODE) for BUTTONS_INIT
    source.o(MYCODE) refers to ir_sensor.o(MYCODE) for PIR_Sensors_init
    source.o(MYCODE) refers to display3.o(MYCODE) for UPDATE_Modes
    buttons.o(MYCODE) refers to buttons.o(MYDATA) for A_CHAR
    display.o(MYCODE) refers to display.o(MYDATA) for A_CHAR
    display2.o(MYCODE) refers to display2.o(MYDATA) for A_CHAR
    display2.o(MYCODE) refers to dht.o(MYCODE) for DHT11_READ
    display3.o(MYCODE) refers to display3.o(MYDATA) for A_CHAR
    display3.o(MYCODE) refers to dht.o(MYCODE) for DHT11_READ
    display3.o(MYCODE) refers to timer.o(MYCODE) for TIMER3_INIT
    startup_stm32f10x_md.o(MYDATA) refers (Special) to heapauxi.o(.text) for __use_two_region_memory
    startup_stm32f10x_md.o(MYCODE) refers (Special) to heapauxi.o(.text) for __use_two_region_memory
    startup_stm32f10x_md.o(STACK) refers (Special) to heapauxi.o(.text) for __use_two_region_memory
    startup_stm32f10x_md.o(HEAP) refers (Special) to heapauxi.o(.text) for __use_two_region_memory
    startup_stm32f10x_md.o(RESET) refers (Special) to heapauxi.o(.text) for __use_two_region_memory
    startup_stm32f10x_md.o(RESET) refers to startup_stm32f10x_md.o(STACK) for __initial_sp
    startup_stm32f10x_md.o(RESET) refers to startup_stm32f10x_md.o(.text) for Reset_Handler
    startup_stm32f10x_md.o(RESET) refers to exti4_handler.o(HANDLERS) for EXTI4_IRQHandler
    startup_stm32f10x_md.o(.text) refers (Special) to heapauxi.o(.text) for __use_two_region_memory
    startup_stm32f10x_md.o(.text) refers to startup_stm32f10x_md.o(MYCODE) for LCD_COMMAND_WRITE
    startup_stm32f10x_md.o(.text) refers to system_stm32f10x.o(.text.SystemInit) for SystemInit
    startup_stm32f10x_md.o(.text) refers to source.o(MYCODE) for __main
    startup_stm32f10x_md.o(.text) refers to startup_stm32f10x_md.o(HEAP) for Heap_Mem
    startup_stm32f10x_md.o(.text) refers to startup_stm32f10x_md.o(STACK) for Stack_Mem
    system_stm32f10x.o(.text.SystemInit) refers to system_stm32f10x.o(.text.SetSysClock) for SetSysClock
    system_stm32f10x.o(.ARM.exidx.text.SystemInit) refers to system_stm32f10x.o(.text.SystemInit) for [Anonymous Symbol]
    system_stm32f10x.o(.text.SetSysClock) refers to system_stm32f10x.o(.text.SetSysClockTo72) for SetSysClockTo72
    system_stm32f10x.o(.ARM.exidx.text.SetSysClock) refers to system_stm32f10x.o(.text.SetSysClock) for [Anonymous Symbol]
    system_stm32f10x.o(.text.SystemCoreClockUpdate) refers to system_stm32f10x.o(.data.SystemCoreClock) for SystemCoreClock
    system_stm32f10x.o(.text.SystemCoreClockUpdate) refers to system_stm32f10x.o(.rodata.AHBPrescTable) for AHBPrescTable
    system_stm32f10x.o(.ARM.exidx.text.SystemCoreClockUpdate) refers to system_stm32f10x.o(.text.SystemCoreClockUpdate) for [Anonymous Symbol]
    system_stm32f10x.o(.ARM.exidx.text.SetSysClockTo72) refers to system_stm32f10x.o(.text.SetSysClockTo72) for [Anonymous Symbol]


==============================================================================

Removing Unused input sections from the image.

    Removing tft.o(MYDATA), (3872 bytes).
    Removing tft.o(MYCODE), (608 bytes).
    Removing definitions.o(MYDATA), (5188 bytes).
    Removing rtc.o(MYDATA), (0 bytes).
    Removing timer.o(MYDATA), (4368 bytes).
    Removing adc.o(MYDATA), (0 bytes).
    Removing adc.o(MYCODE), (200 bytes).
    Removing ir_sensor.o(MYDATA), (0 bytes).
    Removing dht.o(MYDATA), (3856 bytes).
    Removing display.o(MYDATA), (4136 bytes).
    Removing display.o(MYCODE), (1304 bytes).
    Removing display2.o(MYDATA), (5188 bytes).
    Removing display2.o(MYCODE), (2164 bytes).
    Removing startup_stm32f10x_md.o(MYDATA), (5188 bytes).
    Removing system_stm32f10x.o(.text), (0 bytes).
    Removing system_stm32f10x.o(.ARM.exidx.text.SystemInit), (8 bytes).
    Removing system_stm32f10x.o(.ARM.exidx.text.SetSysClock), (8 bytes).
    Removing system_stm32f10x.o(.text.SystemCoreClockUpdate), (290 bytes).
    Removing system_stm32f10x.o(.ARM.exidx.text.SystemCoreClockUpdate), (8 bytes).
    Removing system_stm32f10x.o(.ARM.exidx.text.SetSysClockTo72), (8 bytes).
    Removing system_stm32f10x.o(.data.SystemCoreClock), (4 bytes).
    Removing system_stm32f10x.o(.rodata.AHBPrescTable), (16 bytes).

22 unused section(s) (total 36414 bytes) removed from the image.

==============================================================================

Image Symbol Table

    Local Symbols

    Symbol Name                              Value     Ov Type        Size  Object(Section)

    ../clib/heapaux.c                        0x00000000   Number         0  heapauxi.o ABSOLUTE
    Buttons.s                                0x00000000   Number         0  buttons.o ABSOLUTE
    DEFINITIONS.s                            0x00000000   Number         0  definitions.o ABSOLUTE
    DHT.s                                    0x00000000   Number         0  dht.o ABSOLUTE
    Display.s                                0x00000000   Number         0  display.o ABSOLUTE
    Display2.s                               0x00000000   Number         0  display2.o ABSOLUTE
    Display3.s                               0x00000000   Number         0  display3.o ABSOLUTE
    EXTI4_Handler.s                          0x00000000   Number         0  exti4_handler.o ABSOLUTE
    IR_Sensor.s                              0x00000000   Number         0  ir_sensor.o ABSOLUTE
    RTC.s                                    0x00000000   Number         0  rtc.o ABSOLUTE
    RTE/Device/STM32F103C8/startup_stm32f10x_md.s 0x00000000   Number         0  startup_stm32f10x_md.o ABSOLUTE
    TFT.s                                    0x00000000   Number         0  tft.o ABSOLUTE
    adc.s                                    0x00000000   Number         0  adc.o ABSOLUTE
    dc.s                                     0x00000000   Number         0  dc.o ABSOLUTE
    source.s                                 0x00000000   Number         0  source.o ABSOLUTE
    system_stm32f10x.c                       0x00000000   Number         0  system_stm32f10x.o ABSOLUTE
    timer.s                                  0x00000000   Number         0  timer.o ABSOLUTE
    RESET                                    0x08000000   Section      236  startup_stm32f10x_md.o(RESET)
    .text                                    0x080000ec   Section      380  startup_stm32f10x_md.o(.text)
    .text                                    0x08000268   Section        0  heapauxi.o(.text)
    SetSysClock                              0x08000271   Thumb Code     8  system_stm32f10x.o(.text.SetSysClock)
    [Anonymous Symbol]                       0x08000270   Section        0  system_stm32f10x.o(.text.SetSysClock)
    SetSysClockTo72                          0x08000279   Thumb Code   290  system_stm32f10x.o(.text.SetSysClockTo72)
    [Anonymous Symbol]                       0x08000278   Section        0  system_stm32f10x.o(.text.SetSysClockTo72)
    [Anonymous Symbol]                       0x0800039c   Section        0  system_stm32f10x.o(.text.SystemInit)
    HANDLERS                                 0x08000404   Section       52  exti4_handler.o(HANDLERS)
    MYCODE                                   0x08000438   Section     2760  source.o(MYCODE)
    MYCODE                                   0x08000f00   Section      140  rtc.o(MYCODE)
    MYCODE                                   0x08000f8c   Section      244  timer.o(MYCODE)
    MYCODE                                   0x08001080   Section      132  ir_sensor.o(MYCODE)
    MYCODE                                   0x08001104   Section     1548  buttons.o(MYCODE)
    MYCODE                                   0x08001710   Section      232  dht.o(MYCODE)
    MYCODE                                   0x080017f8   Section     3192  display3.o(MYCODE)
    MYCODE                                   0x08002470   Section      608  startup_stm32f10x_md.o(MYCODE)
    LCD_COMMAND_WRITE                        0x08002499   Thumb Code     0  startup_stm32f10x_md.o(MYCODE)
    A_CHAR                                   0x080026d0   Data          16  source.o(MYDATA)
    MYDATA                                   0x080026d0   Section     5188  source.o(MYDATA)
    C_CHAR                                   0x080026f0   Data          16  source.o(MYDATA)
    D_CHAR                                   0x08002700   Data          16  source.o(MYDATA)
    E_CHAR                                   0x08002710   Data          16  source.o(MYDATA)
    F_CHAR                                   0x08002720   Data          16  source.o(MYDATA)
    H_CHAR                                   0x08002740   Data          16  source.o(MYDATA)
    I_CHAR                                   0x08002750   Data          16  source.o(MYDATA)
    K_CHAR                                   0x08002770   Data          16  source.o(MYDATA)
    L_CHAR                                   0x08002780   Data          16  source.o(MYDATA)
    M_CHAR                                   0x08002790   Data          16  source.o(MYDATA)
    N_CHAR                                   0x080027a0   Data          16  source.o(MYDATA)
    P_CHAR                                   0x080027b0   Data          16  source.o(MYDATA)
    R_CHAR                                   0x080027d0   Data          16  source.o(MYDATA)
    S_CHAR                                   0x080027e0   Data          16  source.o(MYDATA)
    T_CHAR                                   0x080027f0   Data          16  source.o(MYDATA)
    U_CHAR                                   0x08002800   Data          16  source.o(MYDATA)
    W_CHAR                                   0x08002820   Data          16  source.o(MYDATA)
    EIGHT_DIGIT                              0x08002870   Data          16  source.o(MYDATA)
    FIVE_DIGIT                               0x08002880   Data          16  source.o(MYDATA)
    FOUR_DIGIT                               0x08002890   Data          16  source.o(MYDATA)
    NINE_DIGIT                               0x080028a0   Data          16  source.o(MYDATA)
    ONE_DIGIT                                0x080028b0   Data          16  source.o(MYDATA)
    SEVEN_DIGIT                              0x080028c0   Data          16  source.o(MYDATA)
    SIX_DIGIT                                0x080028d0   Data          16  source.o(MYDATA)
    THREE_DIGIT                              0x080028e0   Data          16  source.o(MYDATA)
    TWO_DIGIT                                0x080028f0   Data          16  source.o(MYDATA)
    ZERO_DIGIT                               0x08002900   Data          16  source.o(MYDATA)
    DOT                                      0x08002910   Data          16  source.o(MYDATA)
    CLOCK_ICON                               0x08002920   Data          80  source.o(MYDATA)
    percentage                               0x080029e4   Data          68  source.o(MYDATA)
    celsius_25                               0x08002a28   Data          80  source.o(MYDATA)
    MOON                                     0x08002ac0   Data          80  source.o(MYDATA)
    SUN                                      0x08002b10   Data          80  source.o(MYDATA)
    A_CHAR                                   0x08003b14   Data          16  buttons.o(MYDATA)
    MYDATA                                   0x08003b14   Section     5188  buttons.o(MYDATA)
    C_CHAR                                   0x08003b34   Data          16  buttons.o(MYDATA)
    D_CHAR                                   0x08003b44   Data          16  buttons.o(MYDATA)
    E_CHAR                                   0x08003b54   Data          16  buttons.o(MYDATA)
    F_CHAR                                   0x08003b64   Data          16  buttons.o(MYDATA)
    H_CHAR                                   0x08003b84   Data          16  buttons.o(MYDATA)
    I_CHAR                                   0x08003b94   Data          16  buttons.o(MYDATA)
    K_CHAR                                   0x08003bb4   Data          16  buttons.o(MYDATA)
    L_CHAR                                   0x08003bc4   Data          16  buttons.o(MYDATA)
    M_CHAR                                   0x08003bd4   Data          16  buttons.o(MYDATA)
    N_CHAR                                   0x08003be4   Data          16  buttons.o(MYDATA)
    P_CHAR                                   0x08003bf4   Data          16  buttons.o(MYDATA)
    R_CHAR                                   0x08003c14   Data          16  buttons.o(MYDATA)
    S_CHAR                                   0x08003c24   Data          16  buttons.o(MYDATA)
    T_CHAR                                   0x08003c34   Data          16  buttons.o(MYDATA)
    U_CHAR                                   0x08003c44   Data          16  buttons.o(MYDATA)
    W_CHAR                                   0x08003c64   Data          16  buttons.o(MYDATA)
    EIGHT_DIGIT                              0x08003cb4   Data          16  buttons.o(MYDATA)
    FIVE_DIGIT                               0x08003cc4   Data          16  buttons.o(MYDATA)
    FOUR_DIGIT                               0x08003cd4   Data          16  buttons.o(MYDATA)
    NINE_DIGIT                               0x08003ce4   Data          16  buttons.o(MYDATA)
    ONE_DIGIT                                0x08003cf4   Data          16  buttons.o(MYDATA)
    SEVEN_DIGIT                              0x08003d04   Data          16  buttons.o(MYDATA)
    SIX_DIGIT                                0x08003d14   Data          16  buttons.o(MYDATA)
    THREE_DIGIT                              0x08003d24   Data          16  buttons.o(MYDATA)
    TWO_DIGIT                                0x08003d34   Data          16  buttons.o(MYDATA)
    ZERO_DIGIT                               0x08003d44   Data          16  buttons.o(MYDATA)
    A_CHAR                                   0x08004f58   Data          16  display3.o(MYDATA)
    MYDATA                                   0x08004f58   Section     5188  display3.o(MYDATA)
    C_CHAR                                   0x08004f78   Data          16  display3.o(MYDATA)
    D_CHAR                                   0x08004f88   Data          16  display3.o(MYDATA)
    E_CHAR                                   0x08004f98   Data          16  display3.o(MYDATA)
    F_CHAR                                   0x08004fa8   Data          16  display3.o(MYDATA)
    H_CHAR                                   0x08004fc8   Data          16  display3.o(MYDATA)
    I_CHAR                                   0x08004fd8   Data          16  display3.o(MYDATA)
    K_CHAR                                   0x08004ff8   Data          16  display3.o(MYDATA)
    L_CHAR                                   0x08005008   Data          16  display3.o(MYDATA)
    M_CHAR                                   0x08005018   Data          16  display3.o(MYDATA)
    N_CHAR                                   0x08005028   Data          16  display3.o(MYDATA)
    P_CHAR                                   0x08005038   Data          16  display3.o(MYDATA)
    R_CHAR                                   0x08005058   Data          16  display3.o(MYDATA)
    S_CHAR                                   0x08005068   Data          16  display3.o(MYDATA)
    T_CHAR                                   0x08005078   Data          16  display3.o(MYDATA)
    U_CHAR                                   0x08005088   Data          16  display3.o(MYDATA)
    W_CHAR                                   0x080050a8   Data          16  display3.o(MYDATA)
    EIGHT_DIGIT                              0x080050f8   Data          16  display3.o(MYDATA)
    FIVE_DIGIT                               0x08005108   Data          16  display3.o(MYDATA)
    FOUR_DIGIT                               0x08005118   Data          16  display3.o(MYDATA)
    NINE_DIGIT                               0x08005128   Data          16  display3.o(MYDATA)
    ONE_DIGIT                                0x08005138   Data          16  display3.o(MYDATA)
    SEVEN_DIGIT                              0x08005148   Data          16  display3.o(MYDATA)
    SIX_DIGIT                                0x08005158   Data          16  display3.o(MYDATA)
    THREE_DIGIT                              0x08005168   Data          16  display3.o(MYDATA)
    TWO_DIGIT                                0x08005178   Data          16  display3.o(MYDATA)
    ZERO_DIGIT                               0x08005188   Data          16  display3.o(MYDATA)
    DOT                                      0x08005198   Data          16  display3.o(MYDATA)
    GEAR                                     0x08005300   Data          72  display3.o(MYDATA)
    Heap_Mem                                 0x20000000   Data         512  startup_stm32f10x_md.o(HEAP)
    HEAP                                     0x20000000   Section      512  startup_stm32f10x_md.o(HEAP)
    Stack_Mem                                0x20000200   Data        1024  startup_stm32f10x_md.o(STACK)
    STACK                                    0x20000200   Section     1024  startup_stm32f10x_md.o(STACK)
    __initial_sp                             0x20000600   Data           0  startup_stm32f10x_md.o(STACK)

    Global Symbols

    Symbol Name                              Value     Ov Type        Size  Object(Section)

    BuildAttributes$$THM_ISAv4$P$D$K$B$S$PE$A:L22UL41UL21$X:L11$S22US41US21$IEEE1$IW$~IW$USESV6$~STKCKD$USESV7$~SHL$OSPACE$ROPI$EBA8$STANDARDLIB$REQ8$EABIv2 0x00000000   Number         0  anon$$obj.o ABSOLUTE
    __Vectors_Size                           0x000000ec   Number         0  startup_stm32f10x_md.o ABSOLUTE
    __Vectors                                0x08000000   Data           4  startup_stm32f10x_md.o(RESET)
    Reset_Handler                            0x080000ed   Thumb Code     8  startup_stm32f10x_md.o(.text)
    __Vectors_End                            0x080000ec   Data           0  startup_stm32f10x_md.o(RESET)
    NMI_Handler                              0x080000f5   Thumb Code     2  startup_stm32f10x_md.o(.text)
    HardFault_Handler                        0x080000f7   Thumb Code     2  startup_stm32f10x_md.o(.text)
    MemManage_Handler                        0x080000f9   Thumb Code     2  startup_stm32f10x_md.o(.text)
    BusFault_Handler                         0x080000fb   Thumb Code     2  startup_stm32f10x_md.o(.text)
    UsageFault_Handler                       0x080000fd   Thumb Code     2  startup_stm32f10x_md.o(.text)
    SVC_Handler                              0x080000ff   Thumb Code     2  startup_stm32f10x_md.o(.text)
    DebugMon_Handler                         0x08000101   Thumb Code     2  startup_stm32f10x_md.o(.text)
    PendSV_Handler                           0x08000103   Thumb Code     2  startup_stm32f10x_md.o(.text)
    SysTick_Handler                          0x08000105   Thumb Code     2  startup_stm32f10x_md.o(.text)
    ADC1_2_IRQHandler                        0x08000107   Thumb Code     0  startup_stm32f10x_md.o(.text)
    CAN1_RX1_IRQHandler                      0x08000107   Thumb Code     0  startup_stm32f10x_md.o(.text)
    CAN1_SCE_IRQHandler                      0x08000107   Thumb Code     0  startup_stm32f10x_md.o(.text)
    DMA1_Channel1_IRQHandler                 0x08000107   Thumb Code     0  startup_stm32f10x_md.o(.text)
    DMA1_Channel2_IRQHandler                 0x08000107   Thumb Code     0  startup_stm32f10x_md.o(.text)
    DMA1_Channel3_IRQHandler                 0x08000107   Thumb Code     0  startup_stm32f10x_md.o(.text)
    DMA1_Channel4_IRQHandler                 0x08000107   Thumb Code     0  startup_stm32f10x_md.o(.text)
    DMA1_Channel5_IRQHandler                 0x08000107   Thumb Code     0  startup_stm32f10x_md.o(.text)
    DMA1_Channel6_IRQHandler                 0x08000107   Thumb Code     0  startup_stm32f10x_md.o(.text)
    DMA1_Channel7_IRQHandler                 0x08000107   Thumb Code     0  startup_stm32f10x_md.o(.text)
    EXTI0_IRQHandler                         0x08000107   Thumb Code     0  startup_stm32f10x_md.o(.text)
    EXTI1_IRQHandler                         0x08000107   Thumb Code     0  startup_stm32f10x_md.o(.text)
    EXTI2_IRQHandler                         0x08000107   Thumb Code     0  startup_stm32f10x_md.o(.text)
    EXTI3_IRQHandler                         0x08000107   Thumb Code     0  startup_stm32f10x_md.o(.text)
    EXTI9_5_IRQHandler                       0x08000107   Thumb Code     0  startup_stm32f10x_md.o(.text)
    FLASH_IRQHandler                         0x08000107   Thumb Code     0  startup_stm32f10x_md.o(.text)
    PVD_IRQHandler                           0x08000107   Thumb Code     0  startup_stm32f10x_md.o(.text)
    RCC_IRQHandler                           0x08000107   Thumb Code     0  startup_stm32f10x_md.o(.text)
    RTC_IRQHandler                           0x08000107   Thumb Code     0  startup_stm32f10x_md.o(.text)
    TAMPER_IRQHandler                        0x08000107   Thumb Code     0  startup_stm32f10x_md.o(.text)
    TIM1_BRK_IRQHandler                      0x08000107   Thumb Code     0  startup_stm32f10x_md.o(.text)
    TIM1_CC_IRQHandler                       0x08000107   Thumb Code     0  startup_stm32f10x_md.o(.text)
    TIM1_TRG_COM_IRQHandler                  0x08000107   Thumb Code     0  startup_stm32f10x_md.o(.text)
    TIM1_UP_IRQHandler                       0x08000107   Thumb Code     0  startup_stm32f10x_md.o(.text)
    TIM2_IRQHandler                          0x08000107   Thumb Code     0  startup_stm32f10x_md.o(.text)
    TIM3_IRQHandler                          0x08000107   Thumb Code     0  startup_stm32f10x_md.o(.text)
    USB_HP_CAN1_TX_IRQHandler                0x08000107   Thumb Code     0  startup_stm32f10x_md.o(.text)
    USB_LP_CAN1_RX0_IRQHandler               0x08000107   Thumb Code     0  startup_stm32f10x_md.o(.text)
    WWDG_IRQHandler                          0x08000107   Thumb Code     0  startup_stm32f10x_md.o(.text)
    TIM4_IRQHandler                          0x08000151   Thumb Code     0  startup_stm32f10x_md.o(.text)
    EXTI15_10_IRQHandler                     0x080001cb   Thumb Code     0  startup_stm32f10x_md.o(.text)
    I2C1_ER_IRQHandler                       0x080001cb   Thumb Code     0  startup_stm32f10x_md.o(.text)
    I2C1_EV_IRQHandler                       0x080001cb   Thumb Code     0  startup_stm32f10x_md.o(.text)
    I2C2_ER_IRQHandler                       0x080001cb   Thumb Code     0  startup_stm32f10x_md.o(.text)
    I2C2_EV_IRQHandler                       0x080001cb   Thumb Code     0  startup_stm32f10x_md.o(.text)
    SPI1_IRQHandler                          0x080001cb   Thumb Code     0  startup_stm32f10x_md.o(.text)
    SPI2_IRQHandler                          0x080001cb   Thumb Code     0  startup_stm32f10x_md.o(.text)
    USART1_IRQHandler                        0x080001cb   Thumb Code     0  startup_stm32f10x_md.o(.text)
    USART2_IRQHandler                        0x080001cb   Thumb Code     0  startup_stm32f10x_md.o(.text)
    USART3_IRQHandler                        0x080001cb   Thumb Code     0  startup_stm32f10x_md.o(.text)
    RTCAlarm_IRQHandler                      0x0800020b   Thumb Code     0  startup_stm32f10x_md.o(.text)
    USBWakeUp_IRQHandler                     0x0800020b   Thumb Code     0  startup_stm32f10x_md.o(.text)
    __user_initial_stackheap                 0x0800020d   Thumb Code     0  startup_stm32f10x_md.o(.text)
    __use_two_region_memory                  0x08000269   Thumb Code     2  heapauxi.o(.text)
    __rt_heap_escrow$2region                 0x0800026b   Thumb Code     2  heapauxi.o(.text)
    __rt_heap_expand$2region                 0x0800026d   Thumb Code     2  heapauxi.o(.text)
    SystemInit                               0x0800039d   Thumb Code   102  system_stm32f10x.o(.text.SystemInit)
    EXTI4_IRQHandler                         0x08000405   Thumb Code     0  exti4_handler.o(HANDLERS)
    __main                                   0x08000cad   Thumb Code   500  source.o(MYCODE)
    RTC_INIT                                 0x08000f01   Thumb Code     0  rtc.o(MYCODE)
    TIMER2_INIT                              0x08000f8d   Thumb Code     0  timer.o(MYCODE)
    TIMER3_INIT                              0x08000fcf   Thumb Code     0  timer.o(MYCODE)
    TIMER4_INIT                              0x0800100f   Thumb Code     0  timer.o(MYCODE)
    PIR_Sensors_init                         0x08001081   Thumb Code     0  ir_sensor.o(MYCODE)
    BUTTONS_INIT                             0x080016d7   Thumb Code     0  buttons.o(MYCODE)
    DHT11_READ                               0x08001711   Thumb Code     0  dht.o(MYCODE)
    UPDATE_Modes                             0x0800206d   Thumb Code     0  display3.o(MYCODE)



==============================================================================

Memory Map of the image

  Image Entry point : 0x080000ed

  Load Region LR_1 (Base: 0x08000000, Size: 0x0000639c, Max: 0xffffffff, ABSOLUTE)

    Execution Region ER_RO (Exec base: 0x08000000, Load base: 0x08000000, Size: 0x0000639c, Max: 0xffffffff, ABSOLUTE)

    Exec Addr    Load Addr    Size         Type   Attr      Idx    E Section Name        Object

    0x08000000   0x08000000   0x000000ec   Data   RO           56    RESET               startup_stm32f10x_md.o
    0x080000ec   0x080000ec   0x0000017c   Code   RO           57  * .text               startup_stm32f10x_md.o
    0x08000268   0x08000268   0x00000006   Code   RO           82    .text               c_w.l(heapauxi.o)
    0x0800026e   0x0800026e   0x00000002   PAD
    0x08000270   0x08000270   0x00000008   Code   RO           66    .text.SetSysClock   system_stm32f10x.o
    0x08000278   0x08000278   0x00000122   Code   RO           70    .text.SetSysClockTo72  system_stm32f10x.o
    0x0800039a   0x0800039a   0x00000002   PAD
    0x0800039c   0x0800039c   0x00000066   Code   RO           64    .text.SystemInit    system_stm32f10x.o
    0x08000402   0x08000402   0x00000002   PAD
    0x08000404   0x08000404   0x00000034   Code   RO           33    HANDLERS            exti4_handler.o
    0x08000438   0x08000438   0x00000ac8   Code   RO            2  * MYCODE              source.o
    0x08000f00   0x08000f00   0x0000008c   Code   RO           14    MYCODE              rtc.o
    0x08000f8c   0x08000f8c   0x000000f4   Code   RO           18    MYCODE              timer.o
    0x08001080   0x08001080   0x00000084   Code   RO           26    MYCODE              ir_sensor.o
    0x08001104   0x08001104   0x0000060c   Code   RO           30    MYCODE              buttons.o
    0x08001710   0x08001710   0x000000e8   Code   RO           37    MYCODE              dht.o
    0x080017f8   0x080017f8   0x00000c78   Code   RO           49    MYCODE              display3.o
    0x08002470   0x08002470   0x00000260   Code   RO           53    MYCODE              startup_stm32f10x_md.o
    0x080026d0   0x080026d0   0x00001444   Data   RO            1    MYDATA              source.o
    0x08003b14   0x08003b14   0x00001444   Data   RO           29    MYDATA              buttons.o
    0x08004f58   0x08004f58   0x00001444   Data   RO           48    MYDATA              display3.o


    Execution Region ER_RW (Exec base: 0x20000000, Load base: 0x0800639c, Size: 0x00000000, Max: 0xffffffff, ABSOLUTE)

    **** No section assigned to this execution region ****


    Execution Region ER_ZI (Exec base: 0x20000000, Load base: 0x0800639c, Size: 0x00000600, Max: 0xffffffff, ABSOLUTE)

    Exec Addr    Load Addr    Size         Type   Attr      Idx    E Section Name        Object

    0x20000000        -       0x00000200   Zero   RW           55    HEAP                startup_stm32f10x_md.o
    0x20000200        -       0x00000400   Zero   RW           54    STACK               startup_stm32f10x_md.o


==============================================================================

Image component sizes


      Code (inc. data)   RO Data    RW Data    ZI Data      Debug   Object Name

      1548        162       5188          0          0        748   buttons.o
       232         14          0          0          0        300   dht.o
      3192        244       5188          0          0       1256   display3.o
        52         14          0          0          0        256   exti4_handler.o
       132         32          0          0          0        260   ir_sensor.o
       140         20          0          0          0        256   rtc.o
      2760        278       5188          0          0       1236   source.o
       988        102        236          0       1536       1420   startup_stm32f10x_md.o
       400          0          0          0          0       3006   system_stm32f10x.o
       244         50          0          0          0        300   timer.o

    ----------------------------------------------------------------------
      9692        916      15800          0       1536       9038   Object Totals
         0          0          0          0          0          0   (incl. Generated)
         4          0          0          0          0          0   (incl. Padding)

    ----------------------------------------------------------------------

      Code (inc. data)   RO Data    RW Data    ZI Data      Debug   Library Member Name

         6          0          0          0          0        152   heapauxi.o

    ----------------------------------------------------------------------
         8          0          0          0          0        152   Library Totals
         2          0          0          0          0          0   (incl. Padding)

    ----------------------------------------------------------------------

      Code (inc. data)   RO Data    RW Data    ZI Data      Debug   Library Name

         6          0          0          0          0        152   c_w.l

    ----------------------------------------------------------------------
         8          0          0          0          0        152   Library Totals

    ----------------------------------------------------------------------

==============================================================================


      Code (inc. data)   RO Data    RW Data    ZI Data      Debug   

      9700        916      15800          0       1536       9138   Grand Totals
      9700        916      15800          0       1536       9138   ELF Image Totals
      9700        916      15800          0          0          0   ROM Totals

==============================================================================

    Total RO  Size (Code + RO Data)                25500 (  24.90kB)
    Total RW  Size (RW Data + ZI Data)              1536 (   1.50kB)
    Total ROM Size (Code + RO Data + RW Data)      25500 (  24.90kB)

==============================================================================

